Component: ARM Compiler 5.06 update 6 (build 750) Tool: armlink [4d35ed]

==============================================================================

Section Cross References

    startup_stm32f103xb.o(RESET) refers to startup_stm32f103xb.o(STACK) for __initial_sp
    startup_stm32f103xb.o(RESET) refers to startup_stm32f103xb.o(.text) for Reset_Handler
    startup_stm32f103xb.o(RESET) refers to stm32f1xx_it.o(i.NMI_Handler) for NMI_Handler
    startup_stm32f103xb.o(RESET) refers to stm32f1xx_it.o(i.HardFault_Handler) for HardFault_Handler
    startup_stm32f103xb.o(RESET) refers to stm32f1xx_it.o(i.MemManage_Handler) for MemManage_Handler
    startup_stm32f103xb.o(RESET) refers to stm32f1xx_it.o(i.BusFault_Handler) for BusFault_Handler
    startup_stm32f103xb.o(RESET) refers to stm32f1xx_it.o(i.UsageFault_Handler) for UsageFault_Handler
    startup_stm32f103xb.o(RESET) refers to port.o(.emb_text) for SVC_Handler
    startup_stm32f103xb.o(RESET) refers to stm32f1xx_it.o(i.DebugMon_Handler) for DebugMon_Handler
    startup_stm32f103xb.o(RESET) refers to stm32f1xx_it.o(i.SysTick_Handler) for SysTick_Handler
    startup_stm32f103xb.o(RESET) refers to stm32f1xx_it.o(i.DMA1_Channel2_IRQHandler) for DMA1_Channel2_IRQHandler
    startup_stm32f103xb.o(RESET) refers to stm32f1xx_it.o(i.DMA1_Channel3_IRQHandler) for DMA1_Channel3_IRQHandler
    startup_stm32f103xb.o(RESET) refers to stm32f1xx_it.o(i.DMA1_Channel4_IRQHandler) for DMA1_Channel4_IRQHandler
    startup_stm32f103xb.o(RESET) refers to stm32f1xx_it.o(i.DMA1_Channel5_IRQHandler) for DMA1_Channel5_IRQHandler
    startup_stm32f103xb.o(RESET) refers to stm32f1xx_it.o(i.DMA1_Channel6_IRQHandler) for DMA1_Channel6_IRQHandler
    startup_stm32f103xb.o(RESET) refers to stm32f1xx_it.o(i.DMA1_Channel7_IRQHandler) for DMA1_Channel7_IRQHandler
    startup_stm32f103xb.o(RESET) refers to stm32f1xx_it.o(i.TIM2_IRQHandler) for TIM2_IRQHandler
    startup_stm32f103xb.o(.text) refers to system_stm32f1xx.o(i.SystemInit) for SystemInit
    startup_stm32f103xb.o(.text) refers to entry.o(.ARM.Collect$$$$00000000) for __main
    main.o(i.SystemClock_Config) refers to memseta.o(.text) for __aeabi_memclr4
    main.o(i.SystemClock_Config) refers to stm32f1xx_hal_rcc.o(i.HAL_RCC_OscConfig) for HAL_RCC_OscConfig
    main.o(i.SystemClock_Config) refers to stm32f1xx_hal_rcc.o(i.HAL_RCC_ClockConfig) for HAL_RCC_ClockConfig
    main.o(i.main) refers to stm32f1xx_hal.o(i.HAL_Init) for HAL_Init
    main.o(i.main) refers to main.o(i.SystemClock_Config) for SystemClock_Config
    main.o(i.main) refers to gpio.o(i.MX_GPIO_Init) for MX_GPIO_Init
    main.o(i.main) refers to dma.o(i.MX_DMA_Init) for MX_DMA_Init
    main.o(i.main) refers to i2c.o(i.MX_I2C1_Init) for MX_I2C1_Init
    main.o(i.main) refers to spi.o(i.MX_SPI1_Init) for MX_SPI1_Init
    main.o(i.main) refers to tim.o(i.MX_TIM2_Init) for MX_TIM2_Init
    main.o(i.main) refers to usart.o(i.MX_USART1_UART_Init) for MX_USART1_UART_Init
    main.o(i.main) refers to freertos.o(i.MX_FREERTOS_Init) for MX_FREERTOS_Init
    main.o(i.main) refers to cmsis_os.o(i.osKernelStart) for osKernelStart
    gpio.o(i.MX_GPIO_Init) refers to stm32f1xx_hal_gpio.o(i.HAL_GPIO_WritePin) for HAL_GPIO_WritePin
    gpio.o(i.MX_GPIO_Init) refers to stm32f1xx_hal_gpio.o(i.HAL_GPIO_Init) for HAL_GPIO_Init
    dma.o(i.MX_DMA_Init) refers to stm32f1xx_hal_cortex.o(i.HAL_NVIC_SetPriority) for HAL_NVIC_SetPriority
    dma.o(i.MX_DMA_Init) refers to stm32f1xx_hal_cortex.o(i.HAL_NVIC_EnableIRQ) for HAL_NVIC_EnableIRQ
    freertos.o(i.BMI088_get) refers to stm32f1xx_hal_gpio.o(i.HAL_GPIO_WritePin) for HAL_GPIO_WritePin
    freertos.o(i.BMI088_get) refers to cmsis_os.o(i.osDelay) for osDelay
    freertos.o(i.BMI088_get) refers to stm32f1xx_hal_spi.o(i.HAL_SPI_TransmitReceive_DMA) for HAL_SPI_TransmitReceive_DMA
    freertos.o(i.BMI088_get) refers to stm32f1xx_hal_spi.o(i.HAL_SPI_Transmit_DMA) for HAL_SPI_Transmit_DMA
    freertos.o(i.BMI088_get) refers to dfltui.o(.text) for __aeabi_ui2d
    freertos.o(i.BMI088_get) refers to dmul.o(.text) for __aeabi_dmul
    freertos.o(i.BMI088_get) refers to dfixui.o(.text) for __aeabi_d2uiz
    freertos.o(i.BMI088_get) refers to dscalb.o(.text) for __ARM_scalbn
    freertos.o(i.BMI088_get) refers to ddiv.o(.text) for __aeabi_ddiv
    freertos.o(i.BMI088_get) refers to dadd.o(.text) for __aeabi_dadd
    freertos.o(i.BMI088_get) refers to freertos.o(.data) for .data
    freertos.o(i.BMI088_get) refers to spi.o(.bss) for hspi1
    freertos.o(i.Get_inf) refers to cmsis_os.o(i.osDelay) for osDelay
    freertos.o(i.Get_inf) refers to freertos.o(i.IST8310_get) for IST8310_get
    freertos.o(i.Get_inf) refers to freertos.o(i.BMI088_get) for BMI088_get
    freertos.o(i.IST8310_get) refers to stm32f1xx_hal_i2c.o(i.HAL_I2C_Master_Transmit_DMA) for HAL_I2C_Master_Transmit_DMA
    freertos.o(i.IST8310_get) refers to stm32f1xx_hal_i2c.o(i.HAL_I2C_Master_Receive_DMA) for HAL_I2C_Master_Receive_DMA
[...]
    Removing tasks.o(i.xTaskGetCurrentTaskHandle), (12 bytes).
    Removing tasks.o(i.xTaskGetTickCount), (12 bytes).
    Removing tasks.o(i.xTaskGetTickCountFromISR), (16 bytes).
    Removing tasks.o(i.xTaskNotifyStateClear), (52 bytes).
    Removing tasks.o(i.xTaskNotifyWait), (140 bytes).
    Removing tasks.o(i.xTaskPriorityDisinherit), (152 bytes).
    Removing tasks.o(i.xTaskRemoveFromEventList), (116 bytes).
    Removing tasks.o(i.xTaskRemoveFromUnorderedEventList), (120 bytes).
    Removing tasks.o(i.xTaskResumeFromISR), (136 bytes).
    Removing cmsis_os.o(.rev16_text), (4 bytes).
    Removing cmsis_os.o(.revsh_text), (4 bytes).
    Removing cmsis_os.o(i.inHandlerMode), (12 bytes).
    Removing cmsis_os.o(i.makeCmsisPriority), (14 bytes).
    Removing cmsis_os.o(i.osAbortDelay), (4 bytes).
    Removing cmsis_os.o(i.osDelayUntil), (4 bytes).
    Removing cmsis_os.o(i.osKernelRunning), (18 bytes).
    Removing cmsis_os.o(i.osKernelSysTick), (24 bytes).
    Removing cmsis_os.o(i.osMailAlloc), (12 bytes).
    Removing cmsis_os.o(i.osMailCAlloc), (32 bytes).
    Removing cmsis_os.o(i.osMailCreate), (92 bytes).
    Removing cmsis_os.o(i.osMailFree), (12 bytes).
    Removing cmsis_os.o(i.osMailGet), (148 bytes).
    Removing cmsis_os.o(i.osMailPut), (92 bytes).
    Removing cmsis_os.o(i.osMessageAvailableSpace), (4 bytes).
    Removing cmsis_os.o(i.osMessageCreate), (8 bytes).
    Removing cmsis_os.o(i.osMessageDelete), (24 bytes).
    Removing cmsis_os.o(i.osMessageGet), (152 bytes).
    Removing cmsis_os.o(i.osMessagePeek), (78 bytes).
    Removing cmsis_os.o(i.osMessagePut), (92 bytes).
    Removing cmsis_os.o(i.osMessageWaiting), (30 bytes).
    Removing cmsis_os.o(i.osMutexCreate), (6 bytes).
    Removing cmsis_os.o(i.osMutexDelete), (24 bytes).
    Removing cmsis_os.o(i.osMutexRelease), (80 bytes).
    Removing cmsis_os.o(i.osMutexWait), (104 bytes).
    Removing cmsis_os.o(i.osPoolAlloc), (106 bytes).
    Removing cmsis_os.o(i.osPoolCAlloc), (16 bytes).
    Removing cmsis_os.o(i.osPoolCreate), (94 bytes).
    Removing cmsis_os.o(i.osPoolFree), (48 bytes).
    Removing cmsis_os.o(i.osRecursiveMutexCreate), (4 bytes).
    Removing cmsis_os.o(i.osRecursiveMutexRelease), (4 bytes).
    Removing cmsis_os.o(i.osRecursiveMutexWait), (4 bytes).
    Removing cmsis_os.o(i.osSemaphoreCreate), (38 bytes).
    Removing cmsis_os.o(i.osSemaphoreDelete), (24 bytes).
    Removing cmsis_os.o(i.osSemaphoreGetCount), (4 bytes).
    Removing cmsis_os.o(i.osSemaphoreRelease), (80 bytes).
    Removing cmsis_os.o(i.osSemaphoreWait), (104 bytes).
    Removing cmsis_os.o(i.osSignalSet), (92 bytes).
    Removing cmsis_os.o(i.osSignalWait), (86 bytes).
    Removing cmsis_os.o(i.osThreadGetId), (4 bytes).
    Removing cmsis_os.o(i.osThreadGetPriority), (32 bytes).
    Removing cmsis_os.o(i.osThreadList), (4 bytes).
    Removing cmsis_os.o(i.osThreadResume), (52 bytes).
    Removing cmsis_os.o(i.osThreadResumeAll), (18 bytes).
    Removing cmsis_os.o(i.osThreadSetPriority), (22 bytes).
    Removing cmsis_os.o(i.osThreadSuspend), (10 bytes).
    Removing cmsis_os.o(i.osThreadSuspendAll), (10 bytes).
    Removing cmsis_os.o(i.osThreadTerminate), (10 bytes).
    Removing cmsis_os.o(i.osThreadYield), (24 bytes).
    Removing cmsis_os.o(i.osTimerCreate), (4 bytes).
    Removing cmsis_os.o(i.osTimerDelete), (4 bytes).
    Removing cmsis_os.o(i.osTimerStart), (4 bytes).
    Removing cmsis_os.o(i.osTimerStop), (4 bytes).
    Removing heap_4.o(i.vPortInitialiseBlocks), (2 bytes).
    Removing heap_4.o(i.xPortGetFreeHeapSize), (12 bytes).
    Removing heap_4.o(i.xPortGetMinimumEverFreeHeapSize), (12 bytes).
    Removing port.o(i.vPortEndScheduler), (32 bytes).
    Removing port.o(i.vPortValidateInterruptPriority), (84 bytes).

588 unused section(s) (total 40932 bytes) removed from the image.

==============================================================================

Image Symbol Table

    Local Symbols

    Symbol Name                              Value     Ov Type        Size  Object(Section)

    ../Drivers/STM32F1xx_HAL_Driver/Src/stm32f1xx_hal.c 0x00000000   Number         0  stm32f1xx_hal.o ABSOLUTE
    ../Drivers/STM32F1xx_HAL_Driver/Src/stm32f1xx_hal_cortex.c 0x00000000   Number         0  stm32f1xx_hal_cortex.o ABSOLUTE
    ../Drivers/STM32F1xx_HAL_Driver/Src/stm32f1xx_hal_dma.c 0x00000000   Number         0  stm32f1xx_hal_dma.o ABSOLUTE
    ../Drivers/STM32F1xx_HAL_Driver/Src/stm32f1xx_hal_flash.c 0x00000000   Number         0  stm32f1xx_hal_flash.o ABSOLUTE
    ../Drivers/STM32F1xx_HAL_Driver/Src/stm32f1xx_hal_flash_ex.c 0x00000000   Number         0  stm32f1xx_hal_flash_ex.o ABSOLUTE
    ../Drivers/STM32F1xx_HAL_Driver/Src/stm32f1xx_hal_gpio.c 0x00000000   Number         0  stm32f1xx_hal_gpio.o ABSOLUTE
    ../Drivers/STM32F1xx_HAL_Driver/Src/stm32f1xx_hal_gpio_ex.c 0x00000000   Number         0  stm32f1xx_hal_gpio_ex.o ABSOLUTE
    ../Drivers/STM32F1xx_HAL_Driver/Src/stm32f1xx_hal_i2c.c 0x00000000   Number         0  stm32f1xx_hal_i2c.o ABSOLUTE
    ../Drivers/STM32F1xx_HAL_Driver/Src/stm32f1xx_hal_pwr.c 0x00000000   Number         0  stm32f1xx_hal_pwr.o ABSOLUTE
    ../Drivers/STM32F1xx_HAL_Driver/Src/stm32f1xx_hal_rcc.c 0x00000000   Number         0  stm32f1xx_hal_rcc.o ABSOLUTE
    ../Drivers/STM32F1xx_HAL_Driver/Src/stm32f1xx_hal_rcc_ex.c 0x00000000   Number         0  stm32f1xx_hal_rcc_ex.o ABSOLUTE
    ../Drivers/STM32F1xx_HAL_Driver/Src/stm32f1xx_hal_spi.c 0x00000000   Number         0  stm32f1xx_hal_spi.o ABSOLUTE
    ../Drivers/STM32F1xx_HAL_Driver/Src/stm32f1xx_hal_spi_ex.c 0x00000000   Number         0  stm32f1xx_hal_spi_ex.o ABSOLUTE
    ../Drivers/STM32F1xx_HAL_Driver/Src/stm32f1xx_hal_tim.c 0x00000000   Number         0  stm32f1xx_hal_tim.o ABSOLUTE
    ../Drivers/STM32F1xx_HAL_Driver/Src/stm32f1xx_hal_tim_ex.c 0x00000000   Number         0  stm32f1xx_hal_tim_ex.o ABSOLUTE
    ../Drivers/STM32F1xx_HAL_Driver/Src/stm32f1xx_hal_uart.c 0x00000000   Number         0  stm32f1xx_hal_uart.o ABSOLUTE
    ../Middlewares/Third_Party/FreeRTOS/Source/CMSIS_RTOS/cmsis_os.c 0x00000000   Number         0  cmsis_os.o ABSOLUTE
    ../Middlewares/Third_Party/FreeRTOS/Source/croutine.c 0x00000000   Number         0  croutine.o ABSOLUTE
    ../Middlewares/Third_Party/FreeRTOS/Source/event_groups.c 0x00000000   Number         0  event_groups.o ABSOLUTE
    ../Middlewares/Third_Party/FreeRTOS/Source/list.c 0x00000000   Number         0  list.o ABSOLUTE
    ../Middlewares/Third_Party/FreeRTOS/Source/portable/MemMang/heap_4.c 0x00000000   Number         0  heap_4.o ABSOLUTE
    ../Middlewares/Third_Party/FreeRTOS/Source/portable/RVDS/ARM_CM3/port.c 0x00000000   Number         0  port.o ABSOLUTE
    ../Middlewares/Third_Party/FreeRTOS/Source/queue.c 0x00000000   Number         0  queue.o ABSOLUTE
    ../Middlewares/Third_Party/FreeRTOS/Source/tasks.c 0x00000000   Number         0  tasks.o ABSOLUTE
    ../Middlewares/Third_Party/FreeRTOS/Source/timers.c 0x00000000   Number         0  timers.o ABSOLUTE
    ../Src/dma.c                             0x00000000   Number         0  dma.o ABSOLUTE
    ../Src/freertos.c                        0x00000000   Number         0  freertos.o ABSOLUTE
    ../Src/gpio.c                            0x00000000   Number         0  gpio.o ABSOLUTE
    ../Src/i2c.c                             0x00000000   Number         0  i2c.o ABSOLUTE
    ../Src/main.c                            0x00000000   Number         0  main.o ABSOLUTE
    ../Src/spi.c                             0x00000000   Number         0  spi.o ABSOLUTE
    ../Src/stm32f1xx_hal_msp.c               0x00000000   Number         0  stm32f1xx_hal_msp.o ABSOLUTE
    ../Src/stm32f1xx_it.c                    0x00000000   Number         0  stm32f1xx_it.o ABSOLUTE
    ../Src/system_stm32f1xx.c                0x00000000   Number         0  system_stm32f1xx.o ABSOLUTE
    ../Src/tim.c                             0x00000000   Number         0  tim.o ABSOLUTE
    ../Src/usart.c                           0x00000000   Number         0  usart.o ABSOLUTE
    ../clib/microlib/init/entry.s            0x00000000   Number         0  entry9b.o ABSOLUTE
    ../clib/microlib/init/entry.s            0x00000000   Number         0  entry.o ABSOLUTE
    ../clib/microlib/init/entry.s            0x00000000   Number         0  entry10b.o ABSOLUTE
    ../clib/microlib/init/entry.s            0x00000000   Number         0  entry10a.o ABSOLUTE
    ../clib/microlib/init/entry.s            0x00000000   Number         0  entry2.o ABSOLUTE
    ../clib/microlib/init/entry.s            0x00000000   Number         0  entry7b.o ABSOLUTE
    ../clib/microlib/init/entry.s            0x00000000   Number         0  entry5.o ABSOLUTE
    ../clib/microlib/init/entry.s            0x00000000   Number         0  entry11a.o ABSOLUTE
    ../clib/microlib/init/entry.s            0x00000000   Number         0  entry8a.o ABSOLUTE
    ../clib/microlib/init/entry.s            0x00000000   Number         0  entry8b.o ABSOLUTE
    ../clib/microlib/init/entry.s            0x00000000   Number         0  entry7a.o ABSOLUTE
    ../clib/microlib/init/entry.s            0x00000000   Number         0  entry11b.o ABSOLUTE
    ../clib/microlib/init/entry.s            0x00000000   Number         0  entry9a.o ABSOLUTE
    ../clib/microlib/longlong.c              0x00000000   Number         0  llushr.o ABSOLUTE
    ../clib/microlib/longlong.c              0x00000000   Number         0  llshl.o ABSOLUTE
    ../clib/microlib/longlong.c              0x00000000   Number         0  llsshr.o ABSOLUTE
    ../clib/microlib/string/memcpy.c         0x00000000   Number         0  memcpyb.o ABSOLUTE
    ../clib/microlib/string/memcpy.c         0x00000000   Number         0  memcpya.o ABSOLUTE
    ../clib/microlib/string/memset.c         0x00000000   Number         0  memseta.o ABSOLUTE
    ../clib/microlib/stubs.s                 0x00000000   Number         0  iusefp.o ABSOLUTE
    ../fplib/microlib/fpadd.c                0x00000000   Number         0  dadd.o ABSOLUTE
    ../fplib/microlib/fpdiv.c                0x00000000   Number         0  ddiv.o ABSOLUTE
    ../fplib/microlib/fpepilogue.c           0x00000000   Number         0  depilogue.o ABSOLUTE
    ../fplib/microlib/fpfix.c                0x00000000   Number         0  dfixui.o ABSOLUTE
    ../fplib/microlib/fpflt.c                0x00000000   Number         0  dfltui.o ABSOLUTE
    ../fplib/microlib/fpmul.c                0x00000000   Number         0  dmul.o ABSOLUTE
    ../fplib/microlib/fpscalb.c              0x00000000   Number         0  dscalb.o ABSOLUTE
    ..\Drivers\STM32F1xx_HAL_Driver\Src\stm32f1xx_hal.c 0x00000000   Number         0  stm32f1xx_hal.o ABSOLUTE
    ..\Drivers\STM32F1xx_HAL_Driver\Src\stm32f1xx_hal_cortex.c 0x00000000   Number         0  stm32f1xx_hal_cortex.o ABSOLUTE
    ..\Drivers\STM32F1xx_HAL_Driver\Src\stm32f1xx_hal_dma.c 0x00000000   Number         0  stm32f1xx_hal_dma.o ABSOLUTE
    ..\Drivers\STM32F1xx_HAL_Driver\Src\stm32f1xx_hal_flash.c 0x00000000   Number         0  stm32f1xx_hal_flash.o ABSOLUTE
    ..\Drivers\STM32F1xx_HAL_Driver\Src\stm32f1xx_hal_flash_ex.c 0x00000000   Number         0  stm32f1xx_hal_flash_ex.o ABSOLUTE
    ..\Drivers\STM32F1xx_HAL_Driver\Src\stm32f1xx_hal_gpio.c 0x00000000   Number         0  stm32f1xx_hal_gpio.o ABSOLUTE
    ..\Drivers\STM32F1xx_HAL_Driver\Src\stm32f1xx_hal_gpio_ex.c 0x00000000   Number         0  stm32f1xx_hal_gpio_ex.o ABSOLUTE
    ..\Drivers\STM32F1xx_HAL_Driver\Src\stm32f1xx_hal_i2c.c 0x00000000   Number         0  stm32f1xx_hal_i2c.o ABSOLUTE
    ..\Drivers\STM32F1xx_HAL_Driver\Src\stm32f1xx_hal_pwr.c 0x00000000   Number         0  stm32f1xx_hal_pwr.o ABSOLUTE
    ..\Drivers\STM32F1xx_HAL_Driver\Src\stm32f1xx_hal_rcc.c 0x00000000   Number         0  stm32f1xx_hal_rcc.o ABSOLUTE
    ..\Drivers\STM32F1xx_HAL_Driver\Src\stm32f1xx_hal_rcc_ex.c 0x00000000   Number         0  stm32f1xx_hal_rcc_ex.o ABSOLUTE
    ..\Drivers\STM32F1xx_HAL_Driver\Src\stm32f1xx_hal_spi.c 0x00000000   Number         0  stm32f1xx_hal_spi.o ABSOLUTE
    ..\Drivers\STM32F1xx_HAL_Driver\Src\stm32f1xx_hal_spi_ex.c 0x00000000   Number         0  stm32f1xx_hal_spi_ex.o ABSOLUTE
    ..\Drivers\STM32F1xx_HAL_Driver\Src\stm32f1xx_hal_tim.c 0x00000000   Number         0  stm32f1xx_hal_tim.o ABSOLUTE
    ..\Drivers\STM32F1xx_HAL_Driver\Src\stm32f1xx_hal_tim_ex.c 0x00000000   Number         0  stm32f1xx_hal_tim_ex.o ABSOLUTE
    ..\Drivers\STM32F1xx_HAL_Driver\Src\stm32f1xx_hal_uart.c 0x00000000   Number         0  stm32f1xx_hal_uart.o ABSOLUTE
    ..\Middlewares\Third_Party\FreeRTOS\Source\CMSIS_RTOS\cmsis_os.c 0x00000000   Number         0  cmsis_os.o ABSOLUTE
    ..\Middlewares\Third_Party\FreeRTOS\Source\portable\RVDS\ARM_CM3\port.c 0x00000000   Number         0  port.o ABSOLUTE
    ..\Src\dma.c                             0x00000000   Number         0  dma.o ABSOLUTE
    ..\Src\freertos.c                        0x00000000   Number         0  freertos.o ABSOLUTE
    ..\Src\gpio.c                            0x00000000   Number         0  gpio.o ABSOLUTE
    ..\Src\i2c.c                             0x00000000   Number         0  i2c.o ABSOLUTE
    ..\Src\main.c                            0x00000000   Number         0  main.o ABSOLUTE
    ..\Src\spi.c                             0x00000000   Number         0  spi.o ABSOLUTE
    ..\Src\stm32f1xx_hal_msp.c               0x00000000   Number         0  stm32f1xx_hal_msp.o ABSOLUTE
    ..\Src\stm32f1xx_it.c                    0x00000000   Number         0  stm32f1xx_it.o ABSOLUTE
    ..\Src\system_stm32f1xx.c                0x00000000   Number         0  system_stm32f1xx.o ABSOLUTE
    ..\Src\tim.c                             0x00000000   Number         0  tim.o ABSOLUTE
    ..\Src\usart.c                           0x00000000   Number         0  usart.o ABSOLUTE
    dc.s                                     0x00000000   Number         0  dc.o ABSOLUTE
    handlers.s                               0x00000000   Number         0  handlers.o ABSOLUTE
    init.s                                   0x00000000   Number         0  init.o ABSOLUTE
    startup_stm32f103xb.s                    0x00000000   Number         0  startup_stm32f103xb.o ABSOLUTE
    RESET                                    0x08000000   Section      236  startup_stm32f103xb.o(RESET)
    .ARM.Collect$$$$00000000                 0x080000ec   Section        0  entry.o(.ARM.Collect$$$$00000000)
    .ARM.Collect$$$$00000001                 0x080000ec   Section        4  entry2.o(.ARM.Collect$$$$00000001)
    .ARM.Collect$$$$00000004                 0x080000f0   Section        4  entry5.o(.ARM.Collect$$$$00000004)
    .ARM.Collect$$$$00000008                 0x080000f4   Section        0  entry7b.o(.ARM.Collect$$$$00000008)
    .ARM.Collect$$$$0000000A                 0x080000f4   Section        0  entry8b.o(.ARM.Collect$$$$0000000A)
    .ARM.Collect$$$$0000000B                 0x080000f4   Section        8  entry9a.o(.ARM.Collect$$$$0000000B)
    .ARM.Collect$$$$0000000D                 0x080000fc   Section        0  entry10a.o(.ARM.Collect$$$$0000000D)
    .ARM.Collect$$$$0000000F                 0x080000fc   Section        0  entry11a.o(.ARM.Collect$$$$0000000F)
    .ARM.Collect$$$$00002712                 0x080000fc   Section        4  entry2.o(.ARM.Collect$$$$00002712)
    __lit__00000000                          0x080000fc   Data           4  entry2.o(.ARM.Collect$$$$00002712)
    .emb_text                                0x08000100   Section      150  port.o(.emb_text)
    .text                                    0x08000198   Section       36  startup_stm32f103xb.o(.text)
    .text                                    0x080001bc   Section        0  llushr.o(.text)
    .text                                    0x080001dc   Section        0  memcpya.o(.text)
    .text                                    0x08000200   Section        0  memseta.o(.text)
    .text                                    0x08000224   Section        0  dadd.o(.text)
    .text                                    0x08000372   Section        0  dmul.o(.text)
    .text                                    0x08000456   Section        0  ddiv.o(.text)
    .text                                    0x08000534   Section        0  dscalb.o(.text)
    .text                                    0x08000562   Section        0  dfltui.o(.text)
    .text                                    0x0800057c   Section        0  dfixui.o(.text)
    .text                                    0x080005ae   Section        0  llshl.o(.text)
    .text                                    0x080005cc   Section        0  llsshr.o(.text)
    .text                                    0x080005f0   Section        0  iusefp.o(.text)
    .text                                    0x080005f0   Section        0  depilogue.o(.text)
    .text                                    0x080006ac   Section       36  init.o(.text)
    i.BMI088_get                             0x080006d0   Section        0  freertos.o(i.BMI088_get)
    i.BusFault_Handler                       0x08000994   Section        0  stm32f1xx_it.o(i.BusFault_Handler)
    i.DMA1_Channel2_IRQHandler               0x08000998   Section        0  stm32f1xx_it.o(i.DMA1_Channel2_IRQHandler)
    i.DMA1_Channel3_IRQHandler               0x080009a4   Section        0  stm32f1xx_it.o(i.DMA1_Channel3_IRQHandler)
    i.DMA1_Channel4_IRQHandler               0x080009b0   Section        0  stm32f1xx_it.o(i.DMA1_Channel4_IRQHandler)
    i.DMA1_Channel5_IRQHandler               0x080009bc   Section        0  stm32f1xx_it.o(i.DMA1_Channel5_IRQHandler)
    i.DMA1_Channel6_IRQHandler               0x080009c8   Section        0  stm32f1xx_it.o(i.DMA1_Channel6_IRQHandler)
    i.DMA1_Channel7_IRQHandler               0x080009d4   Section        0  stm32f1xx_it.o(i.DMA1_Channel7_IRQHandler)
    i.DMA_SetConfig                          0x080009e0   Section        0  stm32f1xx_hal_dma.o(i.DMA_SetConfig)
    DMA_SetConfig                            0x080009e1   Thumb Code    42  stm32f1xx_hal_dma.o(i.DMA_SetConfig)
    i.DebugMon_Handler                       0x08000a0a   Section        0  stm32f1xx_it.o(i.DebugMon_Handler)
    i.Error_Handler                          0x08000a0c   Section        0  main.o(i.Error_Handler)
    i.Get_inf                                0x08000a0e   Section        0  freertos.o(i.Get_inf)
    i.HAL_DMA_IRQHandler                     0x08000a20   Section        0  stm32f1xx_hal_dma.o(i.HAL_DMA_IRQHandler)
    i.HAL_DMA_Init                           0x08000b74   Section        0  stm32f1xx_hal_dma.o(i.HAL_DMA_Init)
    i.HAL_DMA_Start_IT                       0x08000bd0   Section        0  stm32f1xx_hal_dma.o(i.HAL_DMA_Start_IT)
    i.HAL_GPIO_Init                          0x08000c40   Section        0  stm32f1xx_hal_gpio.o(i.HAL_GPIO_Init)
    i.HAL_GPIO_WritePin                      0x08000dfc   Section        0  stm32f1xx_hal_gpio.o(i.HAL_GPIO_WritePin)
    i.HAL_GetTick                            0x08000e08   Section        0  stm32f1xx_hal.o(i.HAL_GetTick)
    i.HAL_I2C_ErrorCallback                  0x08000e14   Section        0  stm32f1xx_hal_i2c.o(i.HAL_I2C_ErrorCallback)
    i.HAL_I2C_Init                           0x08000e18   Section        0  stm32f1xx_hal_i2c.o(i.HAL_I2C_Init)
    i.HAL_I2C_MasterRxCpltCallback           0x08000f58   Section        0  stm32f1xx_hal_i2c.o(i.HAL_I2C_MasterRxCpltCallback)
    i.HAL_I2C_Master_Receive_DMA             0x08000f5c   Section        0  stm32f1xx_hal_i2c.o(i.HAL_I2C_Master_Receive_DMA)
    i.HAL_I2C_Master_Transmit_DMA            0x08001078   Section        0  stm32f1xx_hal_i2c.o(i.HAL_I2C_Master_Transmit_DMA)
    i.HAL_I2C_MemRxCpltCallback              0x08001194   Section        0  stm32f1xx_hal_i2c.o(i.HAL_I2C_MemRxCpltCallback)
    i.HAL_I2C_MspInit                        0x08001198   Section        0  i2c.o(i.HAL_I2C_MspInit)
    i.HAL_IncTick                            0x08001250   Section        0  stm32f1xx_hal.o(i.HAL_IncTick)
    i.HAL_Init                               0x08001260   Section        0  stm32f1xx_hal.o(i.HAL_Init)
    i.HAL_InitTick                           0x08001284   Section        0  stm32f1xx_hal.o(i.HAL_InitTick)
    i.HAL_MspInit                            0x080012c4   Section        0  stm32f1xx_hal_msp.o(i.HAL_MspInit)
    i.HAL_NVIC_EnableIRQ                     0x0800130c   Section        0  stm32f1xx_hal_cortex.o(i.HAL_NVIC_EnableIRQ)
    i.HAL_NVIC_SetPriority                   0x08001324   Section        0  stm32f1xx_hal_cortex.o(i.HAL_NVIC_SetPriority)
    i.HAL_NVIC_SetPriorityGrouping           0x08001364   Section        0  stm32f1xx_hal_cortex.o(i.HAL_NVIC_SetPriorityGrouping)
    i.HAL_RCC_ClockConfig                    0x08001388   Section        0  stm32f1xx_hal_rcc.o(i.HAL_RCC_ClockConfig)
    i.HAL_RCC_GetPCLK1Freq                   0x080014f4   Section        0  stm32f1xx_hal_rcc.o(i.HAL_RCC_GetPCLK1Freq)
    i.HAL_RCC_GetPCLK2Freq                   0x08001514   Section        0  stm32f1xx_hal_rcc.o(i.HAL_RCC_GetPCLK2Freq)
    i.HAL_RCC_GetSysClockFreq                0x08001534   Section        0  stm32f1xx_hal_rcc.o(i.HAL_RCC_GetSysClockFreq)
    i.HAL_RCC_OscConfig                      0x080015a0   Section        0  stm32f1xx_hal_rcc.o(i.HAL_RCC_OscConfig)
    i.HAL_SPI_ErrorCallback                  0x080018a4   Section        0  stm32f1xx_hal_spi.o(i.HAL_SPI_ErrorCallback)
    i.HAL_SPI_Init                           0x080018a6   Section        0  stm32f1xx_hal_spi_ex.o(i.HAL_SPI_Init)
    i.HAL_SPI_MspInit                        0x08001928   Section        0  spi.o(i.HAL_SPI_MspInit)
    i.HAL_SPI_RxCpltCallback                 0x080019f0   Section        0  stm32f1xx_hal_spi.o(i.HAL_SPI_RxCpltCallback)
    i.HAL_SPI_RxHalfCpltCallback             0x080019f2   Section        0  stm32f1xx_hal_spi.o(i.HAL_SPI_RxHalfCpltCallback)
    i.HAL_SPI_TransmitReceive_DMA            0x080019f4   Section        0  stm32f1xx_hal_spi.o(i.HAL_SPI_TransmitReceive_DMA)
    i.HAL_SPI_Transmit_DMA                   0x08001afc   Section        0  stm32f1xx_hal_spi.o(i.HAL_SPI_Transmit_DMA)
    i.HAL_SPI_TxCpltCallback                 0x08001bb4   Section        0  stm32f1xx_hal_spi.o(i.HAL_SPI_TxCpltCallback)
    i.HAL_SPI_TxHalfCpltCallback             0x08001bb6   Section        0  stm32f1xx_hal_spi.o(i.HAL_SPI_TxHalfCpltCallback)
    i.HAL_SPI_TxRxCpltCallback               0x08001bb8   Section        0  stm32f1xx_hal_spi.o(i.HAL_SPI_TxRxCpltCallback)
    i.HAL_SPI_TxRxHalfCpltCallback           0x08001bba   Section        0  stm32f1xx_hal_spi.o(i.HAL_SPI_TxRxHalfCpltCallback)
    i.HAL_SYSTICK_Config                     0x08001bbc   Section        0  stm32f1xx_hal_cortex.o(i.HAL_SYSTICK_Config)
    i.HAL_TIMEx_BreakCallback                0x08001be4   Section        0  stm32f1xx_hal_tim_ex.o(i.HAL_TIMEx_BreakCallback)
    i.HAL_TIMEx_CommutationCallback          0x08001be6   Section        0  stm32f1xx_hal_tim_ex.o(i.HAL_TIMEx_CommutationCallback)
    i.HAL_TIMEx_MasterConfigSynchronization  0x08001be8   Section        0  stm32f1xx_hal_tim_ex.o(i.HAL_TIMEx_MasterConfigSynchronization)
    i.HAL_TIM_Base_Init                      0x08001c38   Section        0  stm32f1xx_hal_tim.o(i.HAL_TIM_Base_Init)
    i.HAL_TIM_Base_MspInit                   0x08001c70   Section        0  tim.o(i.HAL_TIM_Base_MspInit)
    i.HAL_TIM_ConfigClockSource              0x08001ca8   Section        0  stm32f1xx_hal_tim.o(i.HAL_TIM_ConfigClockSource)
    i.HAL_TIM_IC_CaptureCallback             0x08001d9a   Section        0  stm32f1xx_hal_tim.o(i.HAL_TIM_IC_CaptureCallback)
    i.HAL_TIM_IRQHandler                     0x08001d9c   Section        0  stm32f1xx_hal_tim.o(i.HAL_TIM_IRQHandler)
    i.HAL_TIM_OC_DelayElapsedCallback        0x08001f02   Section        0  stm32f1xx_hal_tim.o(i.HAL_TIM_OC_DelayElapsedCallback)
    i.HAL_TIM_PWM_PulseFinishedCallback      0x08001f04   Section        0  stm32f1xx_hal_tim.o(i.HAL_TIM_PWM_PulseFinishedCallback)
    i.HAL_TIM_PeriodElapsedCallback          0x08001f06   Section        0  stm32f1xx_hal_tim.o(i.HAL_TIM_PeriodElapsedCallback)
    i.HAL_TIM_TriggerCallback                0x08001f08   Section        0  stm32f1xx_hal_tim.o(i.HAL_TIM_TriggerCallback)
    i.HAL_UART_Init                          0x08001f0a   Section        0  stm32f1xx_hal_uart.o(i.HAL_UART_Init)
    i.HAL_UART_MspInit                       0x08001f6c   Section        0  usart.o(i.HAL_UART_MspInit)
    i.HardFault_Handler                      0x08002038   Section        0  stm32f1xx_it.o(i.HardFault_Handler)
    i.I2C_DMAError                           0x0800203a   Section        0  stm32f1xx_hal_i2c.o(i.I2C_DMAError)
    I2C_DMAError                             0x0800203b   Thumb Code    42  stm32f1xx_hal_i2c.o(i.I2C_DMAError)
    i.I2C_DMAXferCplt                        0x08002064   Section        0  stm32f1xx_hal_i2c.o(i.I2C_DMAXferCplt)
    I2C_DMAXferCplt                          0x08002065   Thumb Code   134  stm32f1xx_hal_i2c.o(i.I2C_DMAXferCplt)
    i.IST8310_get                            0x080020ec   Section        0  freertos.o(i.IST8310_get)
    i.MX_DMA_Init                            0x08002284   Section        0  dma.o(i.MX_DMA_Init)
    i.MX_FREERTOS_Init                       0x08002300   Section        0  freertos.o(i.MX_FREERTOS_Init)
    i.MX_GPIO_Init                           0x0800233c   Section        0  gpio.o(i.MX_GPIO_Init)
    i.MX_I2C1_Init                           0x080023d4   Section        0  i2c.o(i.MX_I2C1_Init)
    i.MX_SPI1_Init                           0x08002414   Section        0  spi.o(i.MX_SPI1_Init)
    i.MX_TIM2_Init                           0x0800245c   Section        0  tim.o(i.MX_TIM2_Init)
    i.MX_USART1_UART_Init                    0x080024c4   Section        0  usart.o(i.MX_USART1_UART_Init)
    i.MemManage_Handler                      0x080024fc   Section        0  stm32f1xx_it.o(i.MemManage_Handler)
    i.NMI_Handler                            0x080024fe   Section        0  stm32f1xx_it.o(i.NMI_Handler)
    i.NVIC_SetPriority                       0x08002500   Section        0  stm32f1xx_hal_cortex.o(i.NVIC_SetPriority)
    NVIC_SetPriority                         0x08002501   Thumb Code    32  stm32f1xx_hal_cortex.o(i.NVIC_SetPriority)
    i.SPI_CheckFlag_BSY                      0x08002520   Section        0  stm32f1xx_hal_spi.o(i.SPI_CheckFlag_BSY)
    SPI_CheckFlag_BSY                        0x08002521   Thumb Code    32  stm32f1xx_hal_spi.o(i.SPI_CheckFlag_BSY)
    i.SPI_DMAError                           0x08002540   Section        0  stm32f1xx_hal_spi.o(i.SPI_DMAError)
    SPI_DMAError                             0x08002541   Thumb Code    34  stm32f1xx_hal_spi.o(i.SPI_DMAError)
    i.SPI_DMAHalfReceiveCplt                 0x08002562   Section        0  stm32f1xx_hal_spi.o(i.SPI_DMAHalfReceiveCplt)
    SPI_DMAHalfReceiveCplt                   0x08002563   Thumb Code    10  stm32f1xx_hal_spi.o(i.SPI_DMAHalfReceiveCplt)
    i.SPI_DMAHalfTransmitCplt                0x0800256c   Section        0  stm32f1xx_hal_spi.o(i.SPI_DMAHalfTransmitCplt)
    SPI_DMAHalfTransmitCplt                  0x0800256d   Thumb Code    10  stm32f1xx_hal_spi.o(i.SPI_DMAHalfTransmitCplt)
    i.SPI_DMAHalfTransmitReceiveCplt         0x08002576   Section        0  stm32f1xx_hal_spi.o(i.SPI_DMAHalfTransmitReceiveCplt)
    SPI_DMAHalfTransmitReceiveCplt           0x08002577   Thumb Code    10  stm32f1xx_hal_spi.o(i.SPI_DMAHalfTransmitReceiveCplt)
    i.SPI_DMAReceiveCplt                     0x08002580   Section        0  stm32f1xx_hal_spi.o(i.SPI_DMAReceiveCplt)
    SPI_DMAReceiveCplt                       0x08002581   Thumb Code    82  stm32f1xx_hal_spi.o(i.SPI_DMAReceiveCplt)
    i.SPI_DMATransmitCplt                    0x080025d2   Section        0  stm32f1xx_hal_spi.o(i.SPI_DMATransmitCplt)
    SPI_DMATransmitCplt                      0x080025d3   Thumb Code    90  stm32f1xx_hal_spi.o(i.SPI_DMATransmitCplt)
    i.SPI_DMATransmitReceiveCplt             0x0800262c   Section        0  stm32f1xx_hal_spi.o(i.SPI_DMATransmitReceiveCplt)
    SPI_DMATransmitReceiveCplt               0x0800262d   Thumb Code    80  stm32f1xx_hal_spi.o(i.SPI_DMATransmitReceiveCplt)
    i.SPI_WaitFlagStateUntilTimeout          0x0800267c   Section        0  stm32f1xx_hal_spi.o(i.SPI_WaitFlagStateUntilTimeout)
    SPI_WaitFlagStateUntilTimeout            0x0800267d   Thumb Code   150  stm32f1xx_hal_spi.o(i.SPI_WaitFlagStateUntilTimeout)
    i.StartDefaultTask                       0x08002712   Section        0  freertos.o(i.StartDefaultTask)
    i.SysTick_Handler                        0x0800271a   Section        0  stm32f1xx_it.o(i.SysTick_Handler)
    i.SystemClock_Config                     0x08002728   Section        0  main.o(i.SystemClock_Config)
    i.SystemInit                             0x08002778   Section        0  system_stm32f1xx.o(i.SystemInit)
    i.TIM2_IRQHandler                        0x080027c0   Section        0  stm32f1xx_it.o(i.TIM2_IRQHandler)
    i.TIM_Base_SetConfig                     0x080027cc   Section        0  stm32f1xx_hal_tim.o(i.TIM_Base_SetConfig)
    i.TIM_ETR_SetConfig                      0x08002838   Section        0  stm32f1xx_hal_tim.o(i.TIM_ETR_SetConfig)
    TIM_ETR_SetConfig                        0x08002839   Thumb Code    20  stm32f1xx_hal_tim.o(i.TIM_ETR_SetConfig)
    i.TIM_ITRx_SetConfig                     0x0800284c   Section        0  stm32f1xx_hal_tim.o(i.TIM_ITRx_SetConfig)
    TIM_ITRx_SetConfig                       0x0800284d   Thumb Code    16  stm32f1xx_hal_tim.o(i.TIM_ITRx_SetConfig)
    i.TIM_TI1_ConfigInputStage               0x0800285c   Section        0  stm32f1xx_hal_tim.o(i.TIM_TI1_ConfigInputStage)
    TIM_TI1_ConfigInputStage                 0x0800285d   Thumb Code    34  stm32f1xx_hal_tim.o(i.TIM_TI1_ConfigInputStage)
    i.TIM_TI2_ConfigInputStage               0x0800287e   Section        0  stm32f1xx_hal_tim.o(i.TIM_TI2_ConfigInputStage)
    TIM_TI2_ConfigInputStage                 0x0800287f   Thumb Code    36  stm32f1xx_hal_tim.o(i.TIM_TI2_ConfigInputStage)
    i.UART_SetConfig                         0x080028a4   Section        0  stm32f1xx_hal_uart.o(i.UART_SetConfig)
    UART_SetConfig                           0x080028a5   Thumb Code   364  stm32f1xx_hal_uart.o(i.UART_SetConfig)
    i.UsageFault_Handler                     0x08002a14   Section        0  stm32f1xx_it.o(i.UsageFault_Handler)
    i.__scatterload_copy                     0x08002a16   Section       14  handlers.o(i.__scatterload_copy)
    i.__scatterload_null                     0x08002a24   Section        2  handlers.o(i.__scatterload_null)
    i.__scatterload_zeroinit                 0x08002a26   Section       14  handlers.o(i.__scatterload_zeroinit)
    i.main                                   0x08002a34   Section        0  main.o(i.main)
    i.makeFreeRtosPriority                   0x08002a5e   Section        0  cmsis_os.o(i.makeFreeRtosPriority)
    makeFreeRtosPriority                     0x08002a5f   Thumb Code    12  cmsis_os.o(i.makeFreeRtosPriority)
    i.osDelay                                0x08002a6a   Section        0  cmsis_os.o(i.osDelay)
    i.osKernelStart                          0x08002a78   Section        0  cmsis_os.o(i.osKernelStart)
    i.osSystickHandler                       0x08002a82   Section        0  cmsis_os.o(i.osSystickHandler)
    i.osThreadCreate                         0x08002a96   Section        0  cmsis_os.o(i.osThreadCreate)
    i.prvAddCurrentTaskToDelayedList         0x08002ac4   Section        0  tasks.o(i.prvAddCurrentTaskToDelayedList)
    prvAddCurrentTaskToDelayedList           0x08002ac5   Thumb Code   102  tasks.o(i.prvAddCurrentTaskToDelayedList)
    i.prvAddNewTaskToReadyList               0x08002b34   Section        0  tasks.o(i.prvAddNewTaskToReadyList)
    prvAddNewTaskToReadyList                 0x08002b35   Thumb Code   194  tasks.o(i.prvAddNewTaskToReadyList)
    i.prvCheckTasksWaitingTermination        0x08002c04   Section        0  tasks.o(i.prvCheckTasksWaitingTermination)
    prvCheckTasksWaitingTermination          0x08002c05   Thumb Code    70  tasks.o(i.prvCheckTasksWaitingTermination)
    i.prvDeleteTCB                           0x08002c54   Section        0  tasks.o(i.prvDeleteTCB)
    prvDeleteTCB                             0x08002c55   Thumb Code    20  tasks.o(i.prvDeleteTCB)
    i.prvHeapInit                            0x08002c68   Section        0  heap_4.o(i.prvHeapInit)
    prvHeapInit                              0x08002c69   Thumb Code    66  heap_4.o(i.prvHeapInit)
    i.prvIdleTask                            0x08002cb4   Section        0  tasks.o(i.prvIdleTask)
    prvIdleTask                              0x08002cb5   Thumb Code    30  tasks.o(i.prvIdleTask)
    i.prvInitialiseNewTask                   0x08002cdc   Section        0  tasks.o(i.prvInitialiseNewTask)
    prvInitialiseNewTask                     0x08002cdd   Thumb Code   142  tasks.o(i.prvInitialiseNewTask)
    i.prvInsertBlockIntoFreeList             0x08002d6c   Section        0  heap_4.o(i.prvInsertBlockIntoFreeList)
    prvInsertBlockIntoFreeList               0x08002d6d   Thumb Code    72  heap_4.o(i.prvInsertBlockIntoFreeList)
    i.prvResetNextTaskUnblockTime            0x08002db8   Section        0  tasks.o(i.prvResetNextTaskUnblockTime)
    prvResetNextTaskUnblockTime              0x08002db9   Thumb Code    26  tasks.o(i.prvResetNextTaskUnblockTime)
    i.prvTaskExitError                       0x08002dd8   Section        0  port.o(i.prvTaskExitError)
    prvTaskExitError                         0x08002dd9   Thumb Code    36  port.o(i.prvTaskExitError)
    i.pvPortMalloc                           0x08002e00   Section        0  heap_4.o(i.pvPortMalloc)
    i.pxPortInitialiseStack                  0x08002ed8   Section        0  port.o(i.pxPortInitialiseStack)
    i.uxListRemove                           0x08002efc   Section        0  list.o(i.uxListRemove)
    i.vListInitialise                        0x08002f20   Section        0  list.o(i.vListInitialise)
    i.vListInitialiseItem                    0x08002f36   Section        0  list.o(i.vListInitialiseItem)
    i.vListInsert                            0x08002f3c   Section        0  list.o(i.vListInsert)
    i.vListInsertEnd                         0x08002f6c   Section        0  list.o(i.vListInsertEnd)
    i.vPortEnterCritical                     0x08002f84   Section        0  port.o(i.vPortEnterCritical)
    i.vPortExitCritical                      0x08002fc4   Section        0  port.o(i.vPortExitCritical)
    i.vPortFree                              0x08002fec   Section        0  heap_4.o(i.vPortFree)
    i.vPortSetupTimerInterrupt               0x08003048   Section        0  port.o(i.vPortSetupTimerInterrupt)
    i.vTaskDelay                             0x08003068   Section        0  tasks.o(i.vTaskDelay)
    i.vTaskStartScheduler                    0x080030b4   Section        0  tasks.o(i.vTaskStartScheduler)
    i.vTaskSuspendAll                        0x0800311c   Section        0  tasks.o(i.vTaskSuspendAll)
    i.vTaskSwitchContext                     0x0800312c   Section        0  tasks.o(i.vTaskSwitchContext)
    i.xPortStartScheduler                    0x08003188   Section        0  port.o(i.xPortStartScheduler)
    i.xPortSysTickHandler                    0x080031fc   Section        0  port.o(i.xPortSysTickHandler)
    i.xTaskCreate                            0x08003228   Section        0  tasks.o(i.xTaskCreate)
    i.xTaskGetSchedulerState                 0x08003280   Section        0  tasks.o(i.xTaskGetSchedulerState)
    i.xTaskIncrementTick                     0x0800329c   Section        0  tasks.o(i.xTaskIncrementTick)
    i.xTaskResumeAll                         0x08003364   Section        0  tasks.o(i.xTaskResumeAll)
    .constdata                               0x08003428   Section       40  freertos.o(.constdata)
    .constdata                               0x08003450   Section       16  system_stm32f1xx.o(.constdata)
    .constdata                               0x08003460   Section        8  system_stm32f1xx.o(.constdata)
    .conststring                             0x08003468   Section       20  freertos.o(.conststring)
    .data                                    0x20000000   Section       64  freertos.o(.data)
    ValueX                                   0x20000022   Data           2  freertos.o(.data)
    ValueY                                   0x20000024   Data           2  freertos.o(.data)
    ValueZ                                   0x20000026   Data           2  freertos.o(.data)
    ValueXGyro                               0x20000028   Data           2  freertos.o(.data)
    ValueYGyro                               0x2000002a   Data           2  freertos.o(.data)
    ValueZGyro                               0x2000002c   Data           2  freertos.o(.data)
    ValueXAccel                              0x2000002e   Data           2  freertos.o(.data)
    ValueYAccel                              0x20000030   Data           2  freertos.o(.data)
    ValueZAccel                              0x20000032   Data           2  freertos.o(.data)
    temp                                     0x20000034   Data           2  freertos.o(.data)
    .data                                    0x20000040   Section       12  stm32f1xx_hal.o(.data)
    .data                                    0x2000004c   Section        4  system_stm32f1xx.o(.data)
    .data                                    0x20000050   Section       60  tasks.o(.data)
    uxDeletedTasksWaitingCleanUp             0x20000054   Data           4  tasks.o(.data)
    uxCurrentNumberOfTasks                   0x20000058   Data           4  tasks.o(.data)
    xTickCount                               0x2000005c   Data           4  tasks.o(.data)
    uxTopReadyPriority                       0x20000060   Data           4  tasks.o(.data)
    xSchedulerRunning                        0x20000064   Data           4  tasks.o(.data)
    uxPendedTicks                            0x20000068   Data           4  tasks.o(.data)
    xYieldPending                            0x2000006c   Data           4  tasks.o(.data)
    xNumOfOverflows                          0x20000070   Data           4  tasks.o(.data)
    uxTaskNumber                             0x20000074   Data           4  tasks.o(.data)
    xNextTaskUnblockTime                     0x20000078   Data           4  tasks.o(.data)
    xIdleTaskHandle                          0x2000007c   Data           4  tasks.o(.data)
    uxSchedulerSuspended                     0x20000080   Data           4  tasks.o(.data)
    pxDelayedTaskList                        0x20000084   Data           4  tasks.o(.data)
    pxOverflowDelayedTaskList                0x20000088   Data           4  tasks.o(.data)
    .data                                    0x2000008c   Section       24  heap_4.o(.data)
    pxEnd                                    0x2000008c   Data           4  heap_4.o(.data)
    xFreeBytesRemaining                      0x20000090   Data           4  heap_4.o(.data)
    xMinimumEverFreeBytesRemaining           0x20000094   Data           4  heap_4.o(.data)
    xBlockAllocatedBit                       0x20000098   Data           4  heap_4.o(.data)
    xStart                                   0x2000009c   Data           8  heap_4.o(.data)
    .data                                    0x200000a4   Section       12  port.o(.data)
    ucMaxSysCallPriority                     0x200000a4   Data           1  port.o(.data)
    uxCriticalNesting                        0x200000a8   Data           4  port.o(.data)
    ulMaxPRIGROUPValue                       0x200000ac   Data           4  port.o(.data)
    .bss                                     0x200000b0   Section      220  i2c.o(.bss)
    .bss                                     0x2000018c   Section      224  spi.o(.bss)
    .bss                                     0x2000026c   Section       64  tim.o(.bss)
    .bss                                     0x200002ac   Section      200  usart.o(.bss)
    .bss                                     0x20000374   Section      240  tasks.o(.bss)
    pxReadyTasksLists                        0x20000374   Data         140  tasks.o(.bss)
    xDelayedTaskList1                        0x20000400   Data          20  tasks.o(.bss)
    xDelayedTaskList2                        0x20000414   Data          20  tasks.o(.bss)
    xPendingReadyList                        0x20000428   Data          20  tasks.o(.bss)
    xTasksWaitingTermination                 0x2000043c   Data          20  tasks.o(.bss)
    xSuspendedTaskList                       0x20000450   Data          20  tasks.o(.bss)
    .bss                                     0x20000464   Section     3072  heap_4.o(.bss)
    ucHeap                                   0x20000464   Data        3072  heap_4.o(.bss)
    STACK                                    0x20001068   Section     1024  startup_stm32f103xb.o(STACK)

    Global Symbols

    Symbol Name                              Value     Ov Type        Size  Object(Section)

    BuildAttributes$$THM_ISAv4$P$D$K$B$S$PE$A:L22UL41UL21$X:L11$S22US41US21$IEEE1$IW$USESV6$~STKCKD$USESV7$~SHL$OSPACE$ROPI$EBA8$MICROLIB$REQ8$PRES8$EABIv2 0x00000000   Number         0  anon$$obj.o ABSOLUTE
    __ARM_use_no_argv                        0x00000000   Number         0  main.o ABSOLUTE
    __cpp_initialize__aeabi_                  - Undefined Weak Reference
    __cxa_finalize                            - Undefined Weak Reference
    __decompress                              - Undefined Weak Reference
    _clock_init                               - Undefined Weak Reference
    _microlib_exit                            - Undefined Weak Reference
    __Vectors_Size                           0x000000ec   Number         0  startup_stm32f103xb.o ABSOLUTE
    __Vectors                                0x08000000   Data           4  startup_stm32f103xb.o(RESET)
    __Vectors_End                            0x080000ec   Data           0  startup_stm32f103xb.o(RESET)
    __main                                   0x080000ed   Thumb Code     0  entry.o(.ARM.Collect$$$$00000000)
    _main_stk                                0x080000ed   Thumb Code     0  entry2.o(.ARM.Collect$$$$00000001)
    _main_scatterload                        0x080000f1   Thumb Code     0  entry5.o(.ARM.Collect$$$$00000004)
    __main_after_scatterload                 0x080000f5   Thumb Code     0  entry5.o(.ARM.Collect$$$$00000004)
    _main_clock                              0x080000f5   Thumb Code     0  entry7b.o(.ARM.Collect$$$$00000008)
    _main_cpp_init                           0x080000f5   Thumb Code     0  entry8b.o(.ARM.Collect$$$$0000000A)
    _main_init                               0x080000f5   Thumb Code     0  entry9a.o(.ARM.Collect$$$$0000000B)
    __rt_final_cpp                           0x080000fd   Thumb Code     0  entry10a.o(.ARM.Collect$$$$0000000D)
    __rt_final_exit                          0x080000fd   Thumb Code     0  entry11a.o(.ARM.Collect$$$$0000000F)
    SVC_Handler                              0x08000101   Thumb Code    32  port.o(.emb_text)
    __asm___6_port_c_39a90d8d__prvStartFirstTask 0x08000125   Thumb Code    28  port.o(.emb_text)
    PendSV_Handler                           0x08000145   Thumb Code    72  port.o(.emb_text)
    vPortGetIPSR                             0x08000191   Thumb Code     6  port.o(.emb_text)
    Reset_Handler                            0x08000199   Thumb Code     8  startup_stm32f103xb.o(.text)
    ADC1_2_IRQHandler                        0x080001b3   Thumb Code     0  startup_stm32f103xb.o(.text)
    CAN1_RX1_IRQHandler                      0x080001b3   Thumb Code     0  startup_stm32f103xb.o(.text)
    CAN1_SCE_IRQHandler                      0x080001b3   Thumb Code     0  startup_stm32f103xb.o(.text)
    DMA1_Channel1_IRQHandler                 0x080001b3   Thumb Code     0  startup_stm32f103xb.o(.text)
    EXTI0_IRQHandler                         0x080001b3   Thumb Code     0  startup_stm32f103xb.o(.text)
    EXTI15_10_IRQHandler                     0x080001b3   Thumb Code     0  startup_stm32f103xb.o(.text)
    EXTI1_IRQHandler                         0x080001b3   Thumb Code     0  startup_stm32f103xb.o(.text)
    EXTI2_IRQHandler                         0x080001b3   Thumb Code     0  startup_stm32f103xb.o(.text)
    EXTI3_IRQHandler                         0x080001b3   Thumb Code     0  startup_stm32f103xb.o(.text)
    EXTI4_IRQHandler                         0x080001b3   Thumb Code     0  startup_stm32f103xb.o(.text)
    EXTI9_5_IRQHandler                       0x080001b3   Thumb Code     0  startup_stm32f103xb.o(.text)
    FLASH_IRQHandler                         0x080001b3   Thumb Code     0  startup_stm32f103xb.o(.text)
    I2C1_ER_IRQHandler                       0x080001b3   Thumb Code     0  startup_stm32f103xb.o(.text)
    I2C1_EV_IRQHandler                       0x080001b3   Thumb Code     0  startup_stm32f103xb.o(.text)
    I2C2_ER_IRQHandler                       0x080001b3   Thumb Code     0  startup_stm32f103xb.o(.text)
    I2C2_EV_IRQHandler                       0x080001b3   Thumb Code     0  startup_stm32f103xb.o(.text)
    PVD_IRQHandler                           0x080001b3   Thumb Code     0  startup_stm32f103xb.o(.text)
    RCC_IRQHandler                           0x080001b3   Thumb Code     0  startup_stm32f103xb.o(.text)
    RTC_Alarm_IRQHandler                     0x080001b3   Thumb Code     0  startup_stm32f103xb.o(.text)
    RTC_IRQHandler                           0x080001b3   Thumb Code     0  startup_stm32f103xb.o(.text)
    SPI1_IRQHandler                          0x080001b3   Thumb Code     0  startup_stm32f103xb.o(.text)
    SPI2_IRQHandler                          0x080001b3   Thumb Code     0  startup_stm32f103xb.o(.text)
    TAMPER_IRQHandler                        0x080001b3   Thumb Code     0  startup_stm32f103xb.o(.text)
    TIM1_BRK_IRQHandler                      0x080001b3   Thumb Code     0  startup_stm32f103xb.o(.text)
    TIM1_CC_IRQHandler                       0x080001b3   Thumb Code     0  startup_stm32f103xb.o(.text)
    TIM1_TRG_COM_IRQHandler                  0x080001b3   Thumb Code     0  startup_stm32f103xb.o(.text)
    TIM1_UP_IRQHandler                       0x080001b3   Thumb Code     0  startup_stm32f103xb.o(.text)
    TIM3_IRQHandler                          0x080001b3   Thumb Code     0  startup_stm32f103xb.o(.text)
    TIM4_IRQHandler                          0x080001b3   Thumb Code     0  startup_stm32f103xb.o(.text)
    USART1_IRQHandler                        0x080001b3   Thumb Code     0  startup_stm32f103xb.o(.text)
    USART2_IRQHandler                        0x080001b3   Thumb Code     0  startup_stm32f103xb.o(.text)
    USART3_IRQHandler                        0x080001b3   Thumb Code     0  startup_stm32f103xb.o(.text)
    USBWakeUp_IRQHandler                     0x080001b3   Thumb Code     0  startup_stm32f103xb.o(.text)
    USB_HP_CAN1_TX_IRQHandler                0x080001b3   Thumb Code     0  startup_stm32f103xb.o(.text)
    USB_LP_CAN1_RX0_IRQHandler               0x080001b3   Thumb Code     0  startup_stm32f103xb.o(.text)
    WWDG_IRQHandler                          0x080001b3   Thumb Code     0  startup_stm32f103xb.o(.text)
    __aeabi_llsr                             0x080001bd   Thumb Code    32  llushr.o(.text)
    _ll_ushift_r                             0x080001bd   Thumb Code     0  llushr.o(.text)
    __aeabi_memcpy                           0x080001dd   Thumb Code    36  memcpya.o(.text)
    __aeabi_memcpy4                          0x080001dd   Thumb Code     0  memcpya.o(.text)
    __aeabi_memcpy8                          0x080001dd   Thumb Code     0  memcpya.o(.text)
    __aeabi_memset                           0x08000201   Thumb Code    14  memseta.o(.text)
    __aeabi_memset4                          0x08000201   Thumb Code     0  memseta.o(.text)
    __aeabi_memset8                          0x08000201   Thumb Code     0  memseta.o(.text)
    __aeabi_memclr                           0x0800020f   Thumb Code     4  memseta.o(.text)
    __aeabi_memclr4                          0x0800020f   Thumb Code     0  memseta.o(.text)
    __aeabi_memclr8                          0x0800020f   Thumb Code     0  memseta.o(.text)
    _memset$wrapper                          0x08000213   Thumb Code    18  memseta.o(.text)
    __aeabi_dadd                             0x08000225   Thumb Code   322  dadd.o(.text)
    __aeabi_dsub                             0x08000367   Thumb Code     6  dadd.o(.text)
    __aeabi_drsub                            0x0800036d   Thumb Code     6  dadd.o(.text)
    __aeabi_dmul                             0x08000373   Thumb Code   228  dmul.o(.text)
    __aeabi_ddiv                             0x08000457   Thumb Code   222  ddiv.o(.text)
    __ARM_scalbn                             0x08000535   Thumb Code    46  dscalb.o(.text)
    scalbn                                   0x08000535   Thumb Code     0  dscalb.o(.text)
    __aeabi_ui2d                             0x08000563   Thumb Code    26  dfltui.o(.text)
    __aeabi_d2uiz                            0x0800057d   Thumb Code    50  dfixui.o(.text)
    __aeabi_llsl                             0x080005af   Thumb Code    30  llshl.o(.text)
    _ll_shift_l                              0x080005af   Thumb Code     0  llshl.o(.text)
    __aeabi_lasr                             0x080005cd   Thumb Code    36  llsshr.o(.text)
    _ll_sshift_r                             0x080005cd   Thumb Code     0  llsshr.o(.text)
    __I$use$fp                               0x080005f1   Thumb Code     0  iusefp.o(.text)
    _double_round                            0x080005f1   Thumb Code    30  depilogue.o(.text)
    _double_epilogue                         0x0800060f   Thumb Code   156  depilogue.o(.text)
    __scatterload                            0x080006ad   Thumb Code    28  init.o(.text)
    __scatterload_rt2                        0x080006ad   Thumb Code     0  init.o(.text)
    BMI088_get                               0x080006d1   Thumb Code   688  freertos.o(i.BMI088_get)
    BusFault_Handler                         0x08000995   Thumb Code     2  stm32f1xx_it.o(i.BusFault_Handler)
    DMA1_Channel2_IRQHandler                 0x08000999   Thumb Code     6  stm32f1xx_it.o(i.DMA1_Channel2_IRQHandler)
    DMA1_Channel3_IRQHandler                 0x080009a5   Thumb Code     6  stm32f1xx_it.o(i.DMA1_Channel3_IRQHandler)
    DMA1_Channel4_IRQHandler                 0x080009b1   Thumb Code     6  stm32f1xx_it.o(i.DMA1_Channel4_IRQHandler)
    DMA1_Channel5_IRQHandler                 0x080009bd   Thumb Code     6  stm32f1xx_it.o(i.DMA1_Channel5_IRQHandler)
    DMA1_Channel6_IRQHandler                 0x080009c9   Thumb Code     6  stm32f1xx_it.o(i.DMA1_Channel6_IRQHandler)
    DMA1_Channel7_IRQHandler                 0x080009d5   Thumb Code     6  stm32f1xx_it.o(i.DMA1_Channel7_IRQHandler)
    DebugMon_Handler                         0x08000a0b   Thumb Code     2  stm32f1xx_it.o(i.DebugMon_Handler)
    Error_Handler                            0x08000a0d   Thumb Code     2  main.o(i.Error_Handler)
    Get_inf                                  0x08000a0f   Thumb Code    16  freertos.o(i.Get_inf)
    HAL_DMA_IRQHandler                       0x08000a21   Thumb Code   316  stm32f1xx_hal_dma.o(i.HAL_DMA_IRQHandler)
    HAL_DMA_Init                             0x08000b75   Thumb Code    84  stm32f1xx_hal_dma.o(i.HAL_DMA_Init)
    HAL_DMA_Start_IT                         0x08000bd1   Thumb Code   112  stm32f1xx_hal_dma.o(i.HAL_DMA_Start_IT)
    HAL_GPIO_Init                            0x08000c41   Thumb Code   408  stm32f1xx_hal_gpio.o(i.HAL_GPIO_Init)
    HAL_GPIO_WritePin                        0x08000dfd   Thumb Code    10  stm32f1xx_hal_gpio.o(i.HAL_GPIO_WritePin)
    HAL_GetTick                              0x08000e09   Thumb Code     6  stm32f1xx_hal.o(i.HAL_GetTick)
    HAL_I2C_ErrorCallback                    0x08000e15   Thumb Code     2  stm32f1xx_hal_i2c.o(i.HAL_I2C_ErrorCallback)
    HAL_I2C_Init                             0x08000e19   Thumb Code   302  stm32f1xx_hal_i2c.o(i.HAL_I2C_Init)
    HAL_I2C_MasterRxCpltCallback             0x08000f59   Thumb Code     2  stm32f1xx_hal_i2c.o(i.HAL_I2C_MasterRxCpltCallback)
    HAL_I2C_Master_Receive_DMA               0x08000f5d   Thumb Code   268  stm32f1xx_hal_i2c.o(i.HAL_I2C_Master_Receive_DMA)
    HAL_I2C_Master_Transmit_DMA              0x08001079   Thumb Code   268  stm32f1xx_hal_i2c.o(i.HAL_I2C_Master_Transmit_DMA)
    HAL_I2C_MemRxCpltCallback                0x08001195   Thumb Code     2  stm32f1xx_hal_i2c.o(i.HAL_I2C_MemRxCpltCallback)
    HAL_I2C_MspInit                          0x08001199   Thumb Code   162  i2c.o(i.HAL_I2C_MspInit)
    HAL_IncTick                              0x08001251   Thumb Code    12  stm32f1xx_hal.o(i.HAL_IncTick)
    HAL_Init                                 0x08001261   Thumb Code    32  stm32f1xx_hal.o(i.HAL_Init)
    HAL_InitTick                             0x08001285   Thumb Code    54  stm32f1xx_hal.o(i.HAL_InitTick)
    HAL_MspInit                              0x080012c5   Thumb Code    62  stm32f1xx_hal_msp.o(i.HAL_MspInit)
    HAL_NVIC_EnableIRQ                       0x0800130d   Thumb Code    22  stm32f1xx_hal_cortex.o(i.HAL_NVIC_EnableIRQ)
    HAL_NVIC_SetPriority                     0x08001325   Thumb Code    60  stm32f1xx_hal_cortex.o(i.HAL_NVIC_SetPriority)
    HAL_NVIC_SetPriorityGrouping             0x08001365   Thumb Code    26  stm32f1xx_hal_cortex.o(i.HAL_NVIC_SetPriorityGrouping)
    HAL_RCC_ClockConfig                      0x08001389   Thumb Code   346  stm32f1xx_hal_rcc.o(i.HAL_RCC_ClockConfig)
    HAL_RCC_GetPCLK1Freq                     0x080014f5   Thumb Code    20  stm32f1xx_hal_rcc.o(i.HAL_RCC_GetPCLK1Freq)
    HAL_RCC_GetPCLK2Freq                     0x08001515   Thumb Code    20  stm32f1xx_hal_rcc.o(i.HAL_RCC_GetPCLK2Freq)
    HAL_RCC_GetSysClockFreq                  0x08001535   Thumb Code    74  stm32f1xx_hal_rcc.o(i.HAL_RCC_GetSysClockFreq)
    HAL_RCC_OscConfig                        0x080015a1   Thumb Code   750  stm32f1xx_hal_rcc.o(i.HAL_RCC_OscConfig)
    HAL_SPI_ErrorCallback                    0x080018a5   Thumb Code     2  stm32f1xx_hal_spi.o(i.HAL_SPI_ErrorCallback)
    HAL_SPI_Init                             0x080018a7   Thumb Code   130  stm32f1xx_hal_spi_ex.o(i.HAL_SPI_Init)
    HAL_SPI_MspInit                          0x08001929   Thumb Code   180  spi.o(i.HAL_SPI_MspInit)
    HAL_SPI_RxCpltCallback                   0x080019f1   Thumb Code     2  stm32f1xx_hal_spi.o(i.HAL_SPI_RxCpltCallback)
    HAL_SPI_RxHalfCpltCallback               0x080019f3   Thumb Code     2  stm32f1xx_hal_spi.o(i.HAL_SPI_RxHalfCpltCallback)
    HAL_SPI_TransmitReceive_DMA              0x080019f5   Thumb Code   242  stm32f1xx_hal_spi.o(i.HAL_SPI_TransmitReceive_DMA)
    HAL_SPI_Transmit_DMA                     0x08001afd   Thumb Code   170  stm32f1xx_hal_spi.o(i.HAL_SPI_Transmit_DMA)
    HAL_SPI_TxCpltCallback                   0x08001bb5   Thumb Code     2  stm32f1xx_hal_spi.o(i.HAL_SPI_TxCpltCallback)
    HAL_SPI_TxHalfCpltCallback               0x08001bb7   Thumb Code     2  stm32f1xx_hal_spi.o(i.HAL_SPI_TxHalfCpltCallback)
    HAL_SPI_TxRxCpltCallback                 0x08001bb9   Thumb Code     2  stm32f1xx_hal_spi.o(i.HAL_SPI_TxRxCpltCallback)
    HAL_SPI_TxRxHalfCpltCallback             0x08001bbb   Thumb Code     2  stm32f1xx_hal_spi.o(i.HAL_SPI_TxRxHalfCpltCallback)
    HAL_SYSTICK_Config                       0x08001bbd   Thumb Code    40  stm32f1xx_hal_cortex.o(i.HAL_SYSTICK_Config)
    HAL_TIMEx_BreakCallback                  0x08001be5   Thumb Code     2  stm32f1xx_hal_tim_ex.o(i.HAL_TIMEx_BreakCallback)
    HAL_TIMEx_CommutationCallback            0x08001be7   Thumb Code     2  stm32f1xx_hal_tim_ex.o(i.HAL_TIMEx_CommutationCallback)
    HAL_TIMEx_MasterConfigSynchronization    0x08001be9   Thumb Code    80  stm32f1xx_hal_tim_ex.o(i.HAL_TIMEx_MasterConfigSynchronization)
    HAL_TIM_Base_Init                        0x08001c39   Thumb Code    54  stm32f1xx_hal_tim.o(i.HAL_TIM_Base_Init)
    HAL_TIM_Base_MspInit                     0x08001c71   Thumb Code    50  tim.o(i.HAL_TIM_Base_MspInit)
    HAL_TIM_ConfigClockSource                0x08001ca9   Thumb Code   242  stm32f1xx_hal_tim.o(i.HAL_TIM_ConfigClockSource)
    HAL_TIM_IC_CaptureCallback               0x08001d9b   Thumb Code     2  stm32f1xx_hal_tim.o(i.HAL_TIM_IC_CaptureCallback)
    HAL_TIM_IRQHandler                       0x08001d9d   Thumb Code   358  stm32f1xx_hal_tim.o(i.HAL_TIM_IRQHandler)
    HAL_TIM_OC_DelayElapsedCallback          0x08001f03   Thumb Code     2  stm32f1xx_hal_tim.o(i.HAL_TIM_OC_DelayElapsedCallback)
    HAL_TIM_PWM_PulseFinishedCallback        0x08001f05   Thumb Code     2  stm32f1xx_hal_tim.o(i.HAL_TIM_PWM_PulseFinishedCallback)
    HAL_TIM_PeriodElapsedCallback            0x08001f07   Thumb Code     2  stm32f1xx_hal_tim.o(i.HAL_TIM_PeriodElapsedCallback)
    HAL_TIM_TriggerCallback                  0x08001f09   Thumb Code     2  stm32f1xx_hal_tim.o(i.HAL_TIM_TriggerCallback)
    HAL_UART_Init                            0x08001f0b   Thumb Code    98  stm32f1xx_hal_uart.o(i.HAL_UART_Init)
    HAL_UART_MspInit                         0x08001f6d   Thumb Code   182  usart.o(i.HAL_UART_MspInit)
    HardFault_Handler                        0x08002039   Thumb Code     2  stm32f1xx_it.o(i.HardFault_Handler)
    IST8310_get                              0x080020ed   Thumb Code   400  freertos.o(i.IST8310_get)
    MX_DMA_Init                              0x08002285   Thumb Code   120  dma.o(i.MX_DMA_Init)
    MX_FREERTOS_Init                         0x08002301   Thumb Code    52  freertos.o(i.MX_FREERTOS_Init)
    MX_GPIO_Init                             0x0800233d   Thumb Code   142  gpio.o(i.MX_GPIO_Init)
    MX_I2C1_Init                             0x080023d5   Thumb Code    50  i2c.o(i.MX_I2C1_Init)
    MX_SPI1_Init                             0x08002415   Thumb Code    64  spi.o(i.MX_SPI1_Init)
    MX_TIM2_Init                             0x0800245d   Thumb Code    98  tim.o(i.MX_TIM2_Init)
    MX_USART1_UART_Init                      0x080024c5   Thumb Code    48  usart.o(i.MX_USART1_UART_Init)
    MemManage_Handler                        0x080024fd   Thumb Code     2  stm32f1xx_it.o(i.MemManage_Handler)
    NMI_Handler                              0x080024ff   Thumb Code     2  stm32f1xx_it.o(i.NMI_Handler)
    StartDefaultTask                         0x08002713   Thumb Code     8  freertos.o(i.StartDefaultTask)
    SysTick_Handler                          0x0800271b   Thumb Code    14  stm32f1xx_it.o(i.SysTick_Handler)
    SystemClock_Config                       0x08002729   Thumb Code    78  main.o(i.SystemClock_Config)
    SystemInit                               0x08002779   Thumb Code    56  system_stm32f1xx.o(i.SystemInit)
    TIM2_IRQHandler                          0x080027c1   Thumb Code     6  stm32f1xx_it.o(i.TIM2_IRQHandler)
    TIM_Base_SetConfig                       0x080027cd   Thumb Code    94  stm32f1xx_hal_tim.o(i.TIM_Base_SetConfig)
    UsageFault_Handler                       0x08002a15   Thumb Code     2  stm32f1xx_it.o(i.UsageFault_Handler)
    __scatterload_copy                       0x08002a17   Thumb Code    14  handlers.o(i.__scatterload_copy)
    __scatterload_null                       0x08002a25   Thumb Code     2  handlers.o(i.__scatterload_null)
    __scatterload_zeroinit                   0x08002a27   Thumb Code    14  handlers.o(i.__scatterload_zeroinit)
    main                                     0x08002a35   Thumb Code    42  main.o(i.main)
    osDelay                                  0x08002a6b   Thumb Code    14  cmsis_os.o(i.osDelay)
    osKernelStart                            0x08002a79   Thumb Code    10  cmsis_os.o(i.osKernelStart)
    osSystickHandler                         0x08002a83   Thumb Code    20  cmsis_os.o(i.osSystickHandler)
    osThreadCreate                           0x08002a97   Thumb Code    46  cmsis_os.o(i.osThreadCreate)
    pvPortMalloc                             0x08002e01   Thumb Code   210  heap_4.o(i.pvPortMalloc)
    pxPortInitialiseStack                    0x08002ed9   Thumb Code    32  port.o(i.pxPortInitialiseStack)
    uxListRemove                             0x08002efd   Thumb Code    36  list.o(i.uxListRemove)
    vListInitialise                          0x08002f21   Thumb Code    22  list.o(i.vListInitialise)
    vListInitialiseItem                      0x08002f37   Thumb Code     6  list.o(i.vListInitialiseItem)
    vListInsert                              0x08002f3d   Thumb Code    48  list.o(i.vListInsert)
    vListInsertEnd                           0x08002f6d   Thumb Code    24  list.o(i.vListInsertEnd)
    vPortEnterCritical                       0x08002f85   Thumb Code    54  port.o(i.vPortEnterCritical)
    vPortExitCritical                        0x08002fc5   Thumb Code    34  port.o(i.vPortExitCritical)
    vPortFree                                0x08002fed   Thumb Code    88  heap_4.o(i.vPortFree)
    vPortSetupTimerInterrupt                 0x08003049   Thumb Code    26  port.o(i.vPortSetupTimerInterrupt)
    vTaskDelay                               0x08003069   Thumb Code    66  tasks.o(i.vTaskDelay)
    vTaskStartScheduler                      0x080030b5   Thumb Code    86  tasks.o(i.vTaskStartScheduler)
    vTaskSuspendAll                          0x0800311d   Thumb Code    10  tasks.o(i.vTaskSuspendAll)
    vTaskSwitchContext                       0x0800312d   Thumb Code    82  tasks.o(i.vTaskSwitchContext)
    xPortStartScheduler                      0x08003189   Thumb Code   102  port.o(i.xPortStartScheduler)
    xPortSysTickHandler                      0x080031fd   Thumb Code    38  port.o(i.xPortSysTickHandler)
    xTaskCreate                              0x08003229   Thumb Code    86  tasks.o(i.xTaskCreate)
    xTaskGetSchedulerState                   0x08003281   Thumb Code    22  tasks.o(i.xTaskGetSchedulerState)
    xTaskIncrementTick                       0x0800329d   Thumb Code   192  tasks.o(i.xTaskIncrementTick)
    xTaskResumeAll                           0x08003365   Thumb Code   182  tasks.o(i.xTaskResumeAll)
    AHBPrescTable                            0x08003450   Data          16  system_stm32f1xx.o(.constdata)
    APBPrescTable                            0x08003460   Data           8  system_stm32f1xx.o(.constdata)
    Region$$Table$$Base                      0x0800347c   Number         0  anon$$obj.o(Region$$Table)
    Region$$Table$$Limit                     0x0800349c   Number         0  anon$$obj.o(Region$$Table)
    ist8310                                  0x20000000   Data           1  freertos.o(.data)
    valuex_l                                 0x20000001   Data           1  freertos.o(.data)
    valuex_h                                 0x20000002   Data           1  freertos.o(.data)
    valuey_l                                 0x20000003   Data           1  freertos.o(.data)
    valuey_h                                 0x20000004   Data           1  freertos.o(.data)
    valuez_l                                 0x20000005   Data           1  freertos.o(.data)
    valuez_h                                 0x20000006   Data           1  freertos.o(.data)
    ACC_CHIP_ID                              0x20000007   Data           1  freertos.o(.data)
    GYRO_CHIP_ID                             0x20000008   Data           1  freertos.o(.data)
    ACC_X_LSB                                0x20000009   Data           1  freertos.o(.data)
    ACC_X_MSB                                0x2000000a   Data           1  freertos.o(.data)
    ACC_Y_LSB                                0x2000000b   Data           1  freertos.o(.data)
    ACC_Y_MSB                                0x2000000c   Data           1  freertos.o(.data)
    ACC_Z_LSB                                0x2000000d   Data           1  freertos.o(.data)
    ACC_Z_MSB                                0x2000000e   Data           1  freertos.o(.data)
    RATE_X_LSB                               0x2000000f   Data           1  freertos.o(.data)
    RATE_X_MSB                               0x20000010   Data           1  freertos.o(.data)
    RATE_Y_LSB                               0x20000011   Data           1  freertos.o(.data)
    RATE_Y_MSB                               0x20000012   Data           1  freertos.o(.data)
    RATE_Z_LSB                               0x20000013   Data           1  freertos.o(.data)
    RATE_Z_MSB                               0x20000014   Data           1  freertos.o(.data)
    TEMP_LSB                                 0x20000015   Data           1  freertos.o(.data)
    TEMP_MSB                                 0x20000016   Data           1  freertos.o(.data)
    Accelerometer_on                         0x20000017   Data           1  freertos.o(.data)
    ACC_PWR_CTRL                             0x20000018   Data           1  freertos.o(.data)
    ACC_PWR_CONF                             0x20000019   Data           1  freertos.o(.data)
    Active_mode                              0x2000001a   Data           1  freertos.o(.data)
    GYRO_LPM1                                0x2000001b   Data           1  freertos.o(.data)
    normal                                   0x2000001c   Data           1  freertos.o(.data)
    ACC_RANGE                                0x2000001d   Data           1  freertos.o(.data)
    GYRO_RANGE                               0x2000001e   Data           1  freertos.o(.data)
    STAT1                                    0x2000001f   Data           1  freertos.o(.data)
    IST8310_Add                              0x20000020   Data           2  freertos.o(.data)
    defaultTaskHandle                        0x20000038   Data           4  freertos.o(.data)
    Get_InfHandle                            0x2000003c   Data           4  freertos.o(.data)
    uwTickFreq                               0x20000040   Data           1  stm32f1xx_hal.o(.data)
    uwTickPrio                               0x20000044   Data           4  stm32f1xx_hal.o(.data)
    uwTick                                   0x20000048   Data           4  stm32f1xx_hal.o(.data)
    SystemCoreClock                          0x2000004c   Data           4  system_stm32f1xx.o(.data)
    pxCurrentTCB                             0x20000050   Data           4  tasks.o(.data)
    hi2c1                                    0x200000b0   Data          84  i2c.o(.bss)
    hdma_i2c1_rx                             0x20000104   Data          68  i2c.o(.bss)
    hdma_i2c1_tx                             0x20000148   Data          68  i2c.o(.bss)
    hspi1                                    0x2000018c   Data          88  spi.o(.bss)
    hdma_spi1_rx                             0x200001e4   Data          68  spi.o(.bss)
    hdma_spi1_tx                             0x20000228   Data          68  spi.o(.bss)
    htim2                                    0x2000026c   Data          64  tim.o(.bss)
    huart1                                   0x200002ac   Data          64  usart.o(.bss)
    hdma_usart1_rx                           0x200002ec   Data          68  usart.o(.bss)
    hdma_usart1_tx                           0x20000330   Data          68  usart.o(.bss)
    __initial_sp                             0x20001468   Data           0  startup_stm32f103xb.o(STACK)



==============================================================================

Memory Map of the image

  Image Entry point : 0x080000ed

  Load Region LR_IROM1 (Base: 0x08000000, Size: 0x0000354c, Max: 0x00010000, ABSOLUTE)

    Execution Region ER_IROM1 (Exec base: 0x08000000, Load base: 0x08000000, Size: 0x0000349c, Max: 0x00010000, ABSOLUTE)

    Exec Addr    Load Addr    Size         Type   Attr      Idx    E Section Name        Object

    0x08000000   0x08000000   0x000000ec   Data   RO            3    RESET               startup_stm32f103xb.o
    0x080000ec   0x080000ec   0x00000000   Code   RO         4597  * .ARM.Collect$$$$00000000  mc_w.l(entry.o)
    0x080000ec   0x080000ec   0x00000004   Code   RO         4620    .ARM.Collect$$$$00000001  mc_w.l(entry2.o)
    0x080000f0   0x080000f0   0x00000004   Code   RO         4623    .ARM.Collect$$$$00000004  mc_w.l(entry5.o)
    0x080000f4   0x080000f4   0x00000000   Code   RO         4625    .ARM.Collect$$$$00000008  mc_w.l(entry7b.o)
    0x080000f4   0x080000f4   0x00000000   Code   RO         4627    .ARM.Collect$$$$0000000A  mc_w.l(entry8b.o)
    0x080000f4   0x080000f4   0x00000008   Code   RO         4628    .ARM.Collect$$$$0000000B  mc_w.l(entry9a.o)
    0x080000fc   0x080000fc   0x00000000   Code   RO         4630    .ARM.Collect$$$$0000000D  mc_w.l(entry10a.o)
    0x080000fc   0x080000fc   0x00000000   Code   RO         4632    .ARM.Collect$$$$0000000F  mc_w.l(entry11a.o)
    0x080000fc   0x080000fc   0x00000004   Code   RO         4621    .ARM.Collect$$$$00002712  mc_w.l(entry2.o)
    0x08000100   0x08000100   0x00000096   Code   RO         4520    .emb_text           port.o
    0x08000196   0x08000196   0x00000002   PAD
    0x08000198   0x08000198   0x00000024   Code   RO            4    .text               startup_stm32f103xb.o
    0x080001bc   0x080001bc   0x00000020   Code   RO         4600    .text               mc_w.l(llushr.o)
    0x080001dc   0x080001dc   0x00000024   Code   RO         4602    .text               mc_w.l(memcpya.o)
    0x08000200   0x08000200   0x00000024   Code   RO         4604    .text               mc_w.l(memseta.o)
    0x08000224   0x08000224   0x0000014e   Code   RO         4608    .text               mf_w.l(dadd.o)
    0x08000372   0x08000372   0x000000e4   Code   RO         4610    .text               mf_w.l(dmul.o)
    0x08000456   0x08000456   0x000000de   Code   RO         4612    .text               mf_w.l(ddiv.o)
    0x08000534   0x08000534   0x0000002e   Code   RO         4614    .text               mf_w.l(dscalb.o)
    0x08000562   0x08000562   0x0000001a   Code   RO         4616    .text               mf_w.l(dfltui.o)
    0x0800057c   0x0800057c   0x00000032   Code   RO         4618    .text               mf_w.l(dfixui.o)
    0x080005ae   0x080005ae   0x0000001e   Code   RO         4634    .text               mc_w.l(llshl.o)
    0x080005cc   0x080005cc   0x00000024   Code   RO         4636    .text               mc_w.l(llsshr.o)
    0x080005f0   0x080005f0   0x00000000   Code   RO         4638    .text               mc_w.l(iusefp.o)
    0x080005f0   0x080005f0   0x000000ba   Code   RO         4639    .text               mf_w.l(depilogue.o)
    0x080006aa   0x080006aa   0x00000002   PAD
    0x080006ac   0x080006ac   0x00000024   Code   RO         4641    .text               mc_w.l(init.o)
    0x080006d0   0x080006d0   0x000002c4   Code   RO          253    i.BMI088_get        freertos.o
    0x08000994   0x08000994   0x00000002   Code   RO          495    i.BusFault_Handler  stm32f1xx_it.o
    0x08000996   0x08000996   0x00000002   PAD
    0x08000998   0x08000998   0x0000000c   Code   RO          496    i.DMA1_Channel2_IRQHandler  stm32f1xx_it.o
    0x080009a4   0x080009a4   0x0000000c   Code   RO          497    i.DMA1_Channel3_IRQHandler  stm32f1xx_it.o
    0x080009b0   0x080009b0   0x0000000c   Code   RO          498    i.DMA1_Channel4_IRQHandler  stm32f1xx_it.o
    0x080009bc   0x080009bc   0x0000000c   Code   RO          499    i.DMA1_Channel5_IRQHandler  stm32f1xx_it.o
    0x080009c8   0x080009c8   0x0000000c   Code   RO          500    i.DMA1_Channel6_IRQHandler  stm32f1xx_it.o
    0x080009d4   0x080009d4   0x0000000c   Code   RO          501    i.DMA1_Channel7_IRQHandler  stm32f1xx_it.o
    0x080009e0   0x080009e0   0x0000002a   Code   RO         2962    i.DMA_SetConfig     stm32f1xx_hal_dma.o
    0x08000a0a   0x08000a0a   0x00000002   Code   RO          502    i.DebugMon_Handler  stm32f1xx_it.o
    0x08000a0c   0x08000a0c   0x00000002   Code   RO           13    i.Error_Handler     main.o
    0x08000a0e   0x08000a0e   0x00000010   Code   RO          254    i.Get_inf           freertos.o
    0x08000a1e   0x08000a1e   0x00000002   PAD
    0x08000a20   0x08000a20   0x00000154   Code   RO         2968    i.HAL_DMA_IRQHandler  stm32f1xx_hal_dma.o
    0x08000b74   0x08000b74   0x0000005c   Code   RO         2969    i.HAL_DMA_Init      stm32f1xx_hal_dma.o
    0x08000bd0   0x08000bd0   0x00000070   Code   RO         2973    i.HAL_DMA_Start_IT  stm32f1xx_hal_dma.o
    0x08000c40   0x08000c40   0x000001bc   Code   RO         2899    i.HAL_GPIO_Init     stm32f1xx_hal_gpio.o
    0x08000dfc   0x08000dfc   0x0000000a   Code   RO         2903    i.HAL_GPIO_WritePin  stm32f1xx_hal_gpio.o
    0x08000e06   0x08000e06   0x00000002   PAD
    0x08000e08   0x08000e08   0x0000000c   Code   RO         2607    i.HAL_GetTick       stm32f1xx_hal.o
    0x08000e14   0x08000e14   0x00000002   Code   RO          668    i.HAL_I2C_ErrorCallback  stm32f1xx_hal_i2c.o
    0x08000e16   0x08000e16   0x00000002   PAD
    0x08000e18   0x08000e18   0x00000140   Code   RO          672    i.HAL_I2C_Init      stm32f1xx_hal_i2c.o
    0x08000f58   0x08000f58   0x00000002   Code   RO          675    i.HAL_I2C_MasterRxCpltCallback  stm32f1xx_hal_i2c.o
    0x08000f5a   0x08000f5a   0x00000002   PAD
    0x08000f5c   0x08000f5c   0x0000011c   Code   RO          679    i.HAL_I2C_Master_Receive_DMA  stm32f1xx_hal_i2c.o
    0x08001078   0x08001078   0x0000011c   Code   RO          684    i.HAL_I2C_Master_Transmit_DMA  stm32f1xx_hal_i2c.o
    0x08001194   0x08001194   0x00000002   Code   RO          686    i.HAL_I2C_MemRxCpltCallback  stm32f1xx_hal_i2c.o
    0x08001196   0x08001196   0x00000002   PAD
    0x08001198   0x08001198   0x000000b8   Code   RO          328    i.HAL_I2C_MspInit   i2c.o
    0x08001250   0x08001250   0x00000010   Code   RO         2611    i.HAL_IncTick       stm32f1xx_hal.o
    0x08001260   0x08001260   0x00000024   Code   RO         2612    i.HAL_Init          stm32f1xx_hal.o
    0x08001284   0x08001284   0x00000040   Code   RO         2613    i.HAL_InitTick      stm32f1xx_hal.o
    0x080012c4   0x080012c4   0x00000048   Code   RO          601    i.HAL_MspInit       stm32f1xx_hal_msp.o
    0x0800130c   0x0800130c   0x00000016   Code   RO         3059    i.HAL_NVIC_EnableIRQ  stm32f1xx_hal_cortex.o
    0x08001322   0x08001322   0x00000002   PAD
    0x08001324   0x08001324   0x00000040   Code   RO         3065    i.HAL_NVIC_SetPriority  stm32f1xx_hal_cortex.o
    0x08001364   0x08001364   0x00000024   Code   RO         3066    i.HAL_NVIC_SetPriorityGrouping  stm32f1xx_hal_cortex.o
    0x08001388   0x08001388   0x0000016c   Code   RO         2759    i.HAL_RCC_ClockConfig  stm32f1xx_hal_rcc.o
    0x080014f4   0x080014f4   0x00000020   Code   RO         2766    i.HAL_RCC_GetPCLK1Freq  stm32f1xx_hal_rcc.o
    0x08001514   0x08001514   0x00000020   Code   RO         2767    i.HAL_RCC_GetPCLK2Freq  stm32f1xx_hal_rcc.o
    0x08001534   0x08001534   0x0000006c   Code   RO         2768    i.HAL_RCC_GetSysClockFreq  stm32f1xx_hal_rcc.o
    0x080015a0   0x080015a0   0x00000304   Code   RO         2771    i.HAL_RCC_OscConfig  stm32f1xx_hal_rcc.o
    0x080018a4   0x080018a4   0x00000002   Code   RO         1066    i.HAL_SPI_ErrorCallback  stm32f1xx_hal_spi.o
    0x080018a6   0x080018a6   0x00000082   Code   RO         1382    i.HAL_SPI_Init      stm32f1xx_hal_spi_ex.o
    0x08001928   0x08001928   0x000000c8   Code   RO          370    i.HAL_SPI_MspInit   spi.o
    0x080019f0   0x080019f0   0x00000002   Code   RO         1076    i.HAL_SPI_RxCpltCallback  stm32f1xx_hal_spi.o
    0x080019f2   0x080019f2   0x00000002   Code   RO         1077    i.HAL_SPI_RxHalfCpltCallback  stm32f1xx_hal_spi.o
    0x080019f4   0x080019f4   0x00000108   Code   RO         1080    i.HAL_SPI_TransmitReceive_DMA  stm32f1xx_hal_spi.o
    0x08001afc   0x08001afc   0x000000b8   Code   RO         1082    i.HAL_SPI_Transmit_DMA  stm32f1xx_hal_spi.o
    0x08001bb4   0x08001bb4   0x00000002   Code   RO         1084    i.HAL_SPI_TxCpltCallback  stm32f1xx_hal_spi.o
    0x08001bb6   0x08001bb6   0x00000002   Code   RO         1085    i.HAL_SPI_TxHalfCpltCallback  stm32f1xx_hal_spi.o
    0x08001bb8   0x08001bb8   0x00000002   Code   RO         1086    i.HAL_SPI_TxRxCpltCallback  stm32f1xx_hal_spi.o
    0x08001bba   0x08001bba   0x00000002   Code   RO         1087    i.HAL_SPI_TxRxHalfCpltCallback  stm32f1xx_hal_spi.o
    0x08001bbc   0x08001bbc   0x00000028   Code   RO         3070    i.HAL_SYSTICK_Config  stm32f1xx_hal_cortex.o
    0x08001be4   0x08001be4   0x00000002   Code   RO         2037    i.HAL_TIMEx_BreakCallback  stm32f1xx_hal_tim_ex.o
    0x08001be6   0x08001be6   0x00000002   Code   RO         2038    i.HAL_TIMEx_CommutationCallback  stm32f1xx_hal_tim_ex.o
    0x08001be8   0x08001be8   0x00000050   Code   RO         2054    i.HAL_TIMEx_MasterConfigSynchronization  stm32f1xx_hal_tim_ex.o
    0x08001c38   0x08001c38   0x00000036   Code   RO         1408    i.HAL_TIM_Base_Init  stm32f1xx_hal_tim.o
    0x08001c6e   0x08001c6e   0x00000002   PAD
    0x08001c70   0x08001c70   0x00000038   Code   RO          412    i.HAL_TIM_Base_MspInit  tim.o
    0x08001ca8   0x08001ca8   0x000000f2   Code   RO         1417    i.HAL_TIM_ConfigClockSource  stm32f1xx_hal_tim.o
    0x08001d9a   0x08001d9a   0x00000002   Code   RO         1437    i.HAL_TIM_IC_CaptureCallback  stm32f1xx_hal_tim.o
    0x08001d9c   0x08001d9c   0x00000166   Code   RO         1450    i.HAL_TIM_IRQHandler  stm32f1xx_hal_tim.o
    0x08001f02   0x08001f02   0x00000002   Code   RO         1453    i.HAL_TIM_OC_DelayElapsedCallback  stm32f1xx_hal_tim.o
    0x08001f04   0x08001f04   0x00000002   Code   RO         1480    i.HAL_TIM_PWM_PulseFinishedCallback  stm32f1xx_hal_tim.o
    0x08001f06   0x08001f06   0x00000002   Code   RO         1487    i.HAL_TIM_PeriodElapsedCallback  stm32f1xx_hal_tim.o
    0x08001f08   0x08001f08   0x00000002   Code   RO         1491    i.HAL_TIM_TriggerCallback  stm32f1xx_hal_tim.o
    0x08001f0a   0x08001f0a   0x00000062   Code   RO         2295    i.HAL_UART_Init     stm32f1xx_hal_uart.o
    0x08001f6c   0x08001f6c   0x000000cc   Code   RO          454    i.HAL_UART_MspInit  usart.o
    0x08002038   0x08002038   0x00000002   Code   RO          503    i.HardFault_Handler  stm32f1xx_it.o
    0x0800203a   0x0800203a   0x0000002a   Code   RO          707    i.I2C_DMAError      stm32f1xx_hal_i2c.o
    0x08002064   0x08002064   0x00000086   Code   RO          708    i.I2C_DMAXferCplt   stm32f1xx_hal_i2c.o
    0x080020ea   0x080020ea   0x00000002   PAD
    0x080020ec   0x080020ec   0x00000198   Code   RO          255    i.IST8310_get       freertos.o
    0x08002284   0x08002284   0x0000007c   Code   RO          229    i.MX_DMA_Init       dma.o
    0x08002300   0x08002300   0x0000003c   Code   RO          256    i.MX_FREERTOS_Init  freertos.o
    0x0800233c   0x0800233c   0x00000098   Code   RO          205    i.MX_GPIO_Init      gpio.o
    0x080023d4   0x080023d4   0x00000040   Code   RO          329    i.MX_I2C1_Init      i2c.o
    0x08002414   0x08002414   0x00000048   Code   RO          371    i.MX_SPI1_Init      spi.o
    0x0800245c   0x0800245c   0x00000068   Code   RO          413    i.MX_TIM2_Init      tim.o
    0x080024c4   0x080024c4   0x00000038   Code   RO          455    i.MX_USART1_UART_Init  usart.o
    0x080024fc   0x080024fc   0x00000002   Code   RO          504    i.MemManage_Handler  stm32f1xx_it.o
    0x080024fe   0x080024fe   0x00000002   Code   RO          505    i.NMI_Handler       stm32f1xx_it.o
    0x08002500   0x08002500   0x00000020   Code   RO         3072    i.NVIC_SetPriority  stm32f1xx_hal_cortex.o
    0x08002520   0x08002520   0x00000020   Code   RO         1094    i.SPI_CheckFlag_BSY  stm32f1xx_hal_spi.o
    0x08002540   0x08002540   0x00000022   Code   RO         1099    i.SPI_DMAError      stm32f1xx_hal_spi.o
    0x08002562   0x08002562   0x0000000a   Code   RO         1100    i.SPI_DMAHalfReceiveCplt  stm32f1xx_hal_spi.o
    0x0800256c   0x0800256c   0x0000000a   Code   RO         1101    i.SPI_DMAHalfTransmitCplt  stm32f1xx_hal_spi.o
    0x08002576   0x08002576   0x0000000a   Code   RO         1102    i.SPI_DMAHalfTransmitReceiveCplt  stm32f1xx_hal_spi.o
    0x08002580   0x08002580   0x00000052   Code   RO         1103    i.SPI_DMAReceiveCplt  stm32f1xx_hal_spi.o
    0x080025d2   0x080025d2   0x0000005a   Code   RO         1105    i.SPI_DMATransmitCplt  stm32f1xx_hal_spi.o
    0x0800262c   0x0800262c   0x00000050   Code   RO         1106    i.SPI_DMATransmitReceiveCplt  stm32f1xx_hal_spi.o
    0x0800267c   0x0800267c   0x00000096   Code   RO         1113    i.SPI_WaitFlagStateUntilTimeout  stm32f1xx_hal_spi.o
    0x08002712   0x08002712   0x00000008   Code   RO          257    i.StartDefaultTask  freertos.o
    0x0800271a   0x0800271a   0x0000000e   Code   RO          506    i.SysTick_Handler   stm32f1xx_it.o
    0x08002728   0x08002728   0x0000004e   Code   RO           14    i.SystemClock_Config  main.o
    0x08002776   0x08002776   0x00000002   PAD
    0x08002778   0x08002778   0x00000048   Code   RO         3488    i.SystemInit        system_stm32f1xx.o
    0x080027c0   0x080027c0   0x0000000c   Code   RO          507    i.TIM2_IRQHandler   stm32f1xx_it.o
    0x080027cc   0x080027cc   0x0000006c   Code   RO         1492    i.TIM_Base_SetConfig  stm32f1xx_hal_tim.o
    0x08002838   0x08002838   0x00000014   Code   RO         1499    i.TIM_ETR_SetConfig  stm32f1xx_hal_tim.o
    0x0800284c   0x0800284c   0x00000010   Code   RO         1500    i.TIM_ITRx_SetConfig  stm32f1xx_hal_tim.o
    0x0800285c   0x0800285c   0x00000022   Code   RO         1506    i.TIM_TI1_ConfigInputStage  stm32f1xx_hal_tim.o
    0x0800287e   0x0800287e   0x00000024   Code   RO         1508    i.TIM_TI2_ConfigInputStage  stm32f1xx_hal_tim.o
    0x080028a2   0x080028a2   0x00000002   PAD
    0x080028a4   0x080028a4   0x00000170   Code   RO         2321    i.UART_SetConfig    stm32f1xx_hal_uart.o
    0x08002a14   0x08002a14   0x00000002   Code   RO          508    i.UsageFault_Handler  stm32f1xx_it.o
    0x08002a16   0x08002a16   0x0000000e   Code   RO         4645    i.__scatterload_copy  mc_w.l(handlers.o)
    0x08002a24   0x08002a24   0x00000002   Code   RO         4646    i.__scatterload_null  mc_w.l(handlers.o)
    0x08002a26   0x08002a26   0x0000000e   Code   RO         4647    i.__scatterload_zeroinit  mc_w.l(handlers.o)
    0x08002a34   0x08002a34   0x0000002a   Code   RO           15    i.main              main.o
    0x08002a5e   0x08002a5e   0x0000000c   Code   RO         4086    i.makeFreeRtosPriority  cmsis_os.o
    0x08002a6a   0x08002a6a   0x0000000e   Code   RO         4088    i.osDelay           cmsis_os.o
    0x08002a78   0x08002a78   0x0000000a   Code   RO         4091    i.osKernelStart     cmsis_os.o
    0x08002a82   0x08002a82   0x00000014   Code   RO         4124    i.osSystickHandler  cmsis_os.o
    0x08002a96   0x08002a96   0x0000002e   Code   RO         4125    i.osThreadCreate    cmsis_os.o
    0x08002ac4   0x08002ac4   0x00000070   Code   RO         3797    i.prvAddCurrentTaskToDelayedList  tasks.o
    0x08002b34   0x08002b34   0x000000d0   Code   RO         3798    i.prvAddNewTaskToReadyList  tasks.o
    0x08002c04   0x08002c04   0x00000050   Code   RO         3799    i.prvCheckTasksWaitingTermination  tasks.o
    0x08002c54   0x08002c54   0x00000014   Code   RO         3800    i.prvDeleteTCB      tasks.o
    0x08002c68   0x08002c68   0x0000004c   Code   RO         4459    i.prvHeapInit       heap_4.o
    0x08002cb4   0x08002cb4   0x00000028   Code   RO         3801    i.prvIdleTask       tasks.o
    0x08002cdc   0x08002cdc   0x0000008e   Code   RO         3802    i.prvInitialiseNewTask  tasks.o
    0x08002d6a   0x08002d6a   0x00000002   PAD
    0x08002d6c   0x08002d6c   0x0000004c   Code   RO         4460    i.prvInsertBlockIntoFreeList  heap_4.o
    0x08002db8   0x08002db8   0x00000020   Code   RO         3803    i.prvResetNextTaskUnblockTime  tasks.o
    0x08002dd8   0x08002dd8   0x00000028   Code   RO         4521    i.prvTaskExitError  port.o
    0x08002e00   0x08002e00   0x000000d8   Code   RO         4461    i.pvPortMalloc      heap_4.o
    0x08002ed8   0x08002ed8   0x00000024   Code   RO         4522    i.pxPortInitialiseStack  port.o
    0x08002efc   0x08002efc   0x00000024   Code   RO         3620    i.uxListRemove      list.o
    0x08002f20   0x08002f20   0x00000016   Code   RO         3621    i.vListInitialise   list.o
    0x08002f36   0x08002f36   0x00000006   Code   RO         3622    i.vListInitialiseItem  list.o
    0x08002f3c   0x08002f3c   0x00000030   Code   RO         3623    i.vListInsert       list.o
    0x08002f6c   0x08002f6c   0x00000018   Code   RO         3624    i.vListInsertEnd    list.o
    0x08002f84   0x08002f84   0x00000040   Code   RO         4524    i.vPortEnterCritical  port.o
    0x08002fc4   0x08002fc4   0x00000028   Code   RO         4525    i.vPortExitCritical  port.o
    0x08002fec   0x08002fec   0x0000005c   Code   RO         4462    i.vPortFree         heap_4.o
    0x08003048   0x08003048   0x00000020   Code   RO         4526    i.vPortSetupTimerInterrupt  port.o
    0x08003068   0x08003068   0x0000004c   Code   RO         3811    i.vTaskDelay        tasks.o
    0x080030b4   0x080030b4   0x00000068   Code   RO         3822    i.vTaskStartScheduler  tasks.o
    0x0800311c   0x0800311c   0x00000010   Code   RO         3824    i.vTaskSuspendAll   tasks.o
    0x0800312c   0x0800312c   0x0000005c   Code   RO         3825    i.vTaskSwitchContext  tasks.o
    0x08003188   0x08003188   0x00000074   Code   RO         4528    i.xPortStartScheduler  port.o
    0x080031fc   0x080031fc   0x0000002c   Code   RO         4529    i.xPortSysTickHandler  port.o
    0x08003228   0x08003228   0x00000056   Code   RO         3827    i.xTaskCreate       tasks.o
    0x0800327e   0x0800327e   0x00000002   PAD
    0x08003280   0x08003280   0x0000001c   Code   RO         3831    i.xTaskGetSchedulerState  tasks.o
    0x0800329c   0x0800329c   0x000000c8   Code   RO         3834    i.xTaskIncrementTick  tasks.o
    0x08003364   0x08003364   0x000000c4   Code   RO         3840    i.xTaskResumeAll    tasks.o
    0x08003428   0x08003428   0x00000028   Data   RO          258    .constdata          freertos.o
    0x08003450   0x08003450   0x00000010   Data   RO         3489    .constdata          system_stm32f1xx.o
    0x08003460   0x08003460   0x00000008   Data   RO         3490    .constdata          system_stm32f1xx.o
    0x08003468   0x08003468   0x00000014   Data   RO          259    .conststring        freertos.o
    0x0800347c   0x0800347c   0x00000020   Data   RO         4643    Region$$Table       anon$$obj.o


    Execution Region RW_IRAM1 (Exec base: 0x20000000, Load base: 0x0800349c, Size: 0x00001468, Max: 0x00005000, ABSOLUTE)

    Exec Addr    Load Addr    Size         Type   Attr      Idx    E Section Name        Object

    0x20000000   0x0800349c   0x00000040   Data   RW          260    .data               freertos.o
    0x20000040   0x080034dc   0x0000000c   Data   RW         2619    .data               stm32f1xx_hal.o
    0x2000004c   0x080034e8   0x00000004   Data   RW         3491    .data               system_stm32f1xx.o
    0x20000050   0x080034ec   0x0000003c   Data   RW         3843    .data               tasks.o
    0x2000008c   0x08003528   0x00000018   Data   RW         4467    .data               heap_4.o
    0x200000a4   0x08003540   0x0000000c   Data   RW         4530    .data               port.o
    0x200000b0        -       0x000000dc   Zero   RW          330    .bss                i2c.o
    0x2000018c        -       0x000000e0   Zero   RW          372    .bss                spi.o
    0x2000026c        -       0x00000040   Zero   RW          414    .bss                tim.o
    0x200002ac        -       0x000000c8   Zero   RW          456    .bss                usart.o
    0x20000374        -       0x000000f0   Zero   RW         3842    .bss                tasks.o
    0x20000464        -       0x00000c00   Zero   RW         4466    .bss                heap_4.o
    0x20001064   0x0800354c   0x00000004   PAD
    0x20001068        -       0x00000400   Zero   RW            1    STACK               startup_stm32f103xb.o


==============================================================================

Image component sizes


      Code (inc. data)   RO Data    RW Data    ZI Data      Debug   Object Name

       102          0          0          0          0      13116   cmsis_os.o
       124          4          0          0          0        754   dma.o
         0          0          0          0          0       9536   event_groups.o
      1200         36         60         64          0       5178   freertos.o
       152         10          0          0          0        887   gpio.o
       460         24          0         24       3072       7175   heap_4.o
       248         36          0          0        220       1743   i2c.o
       136          0          0          0          0       3330   list.o
       122          0          0          0          0     465412   main.o
       522         62          0         12          0      10100   port.o
       272         28          0          0        224       1767   spi.o
        36          8        236          0       1024        792   startup_stm32f103xb.o
       128         24          0         12          0       5229   stm32f1xx_hal.o
       194         14          0          0          0      25691   stm32f1xx_hal_cortex.o
       586         32          0          0          0       3547   stm32f1xx_hal_dma.o
       454         36          0          0          0       2848   stm32f1xx_hal_gpio.o
      1070         50          0          0          0       7817   stm32f1xx_hal_i2c.o
        72         10          0          0          0        826   stm32f1xx_hal_msp.o
      1308         98          0          0          0       5160   stm32f1xx_hal_rcc.o
       960         36          0          0          0      11619   stm32f1xx_hal_spi.o
       130          0          0          0          0       1047   stm32f1xx_hal_spi_ex.o
       878         14          0          0          0       9243   stm32f1xx_hal_tim.o
        84          0          0          0          0       2286   stm32f1xx_hal_tim_ex.o
       466          4          0          0          0       1872   stm32f1xx_hal_uart.o
       110         42          0          0          0       5927   stm32f1xx_it.o
        72         16         24          4          0       1127   system_stm32f1xx.o
      1432        122          0         60        240      15423   tasks.o
       160         12          0          0         64       1578   tim.o
       260         30          0          0        200       1788   usart.o

    ----------------------------------------------------------------------
     11766        748        352        176       5048     622818   Object Totals
         0          0         32          0          0          0   (incl. Generated)
        28          0          0          0          4          0   (incl. Padding)

    ----------------------------------------------------------------------

      Code (inc. data)   RO Data    RW Data    ZI Data      Debug   Library Member Name

         0          0          0          0          0          0   entry.o
         0          0          0          0          0          0   entry10a.o
         0          0          0          0          0          0   entry11a.o
         8          4          0          0          0          0   entry2.o
         4          0          0          0          0          0   entry5.o
         0          0          0          0          0          0   entry7b.o
         0          0          0          0          0          0   entry8b.o
         8          4          0          0          0          0   entry9a.o
        30          0          0          0          0          0   handlers.o
        36          8          0          0          0         68   init.o
         0          0          0          0          0          0   iusefp.o
        30          0          0          0          0         68   llshl.o
        36          0          0          0          0         68   llsshr.o
        32          0          0          0          0         68   llushr.o
        36          0          0          0          0         68   memcpya.o
        36          0          0          0          0        108   memseta.o
       334          0          0          0          0        148   dadd.o
       222          0          0          0          0        100   ddiv.o
       186          0          0          0          0        176   depilogue.o
        50          0          0          0          0         76   dfixui.o
        26          0          0          0          0         76   dfltui.o
       228          0          0          0          0         96   dmul.o
        46          0          0          0          0         80   dscalb.o

    ----------------------------------------------------------------------
      1350         16          0          0          0       1200   Library Totals
         2          0          0          0          0          0   (incl. Padding)

    ----------------------------------------------------------------------

      Code (inc. data)   RO Data    RW Data    ZI Data      Debug   Library Name

       256         16          0          0          0        448   mc_w.l
      1092          0          0          0          0        752   mf_w.l

    ----------------------------------------------------------------------
      1350         16          0          0          0       1200   Library Totals

    ----------------------------------------------------------------------

==============================================================================


      Code (inc. data)   RO Data    RW Data    ZI Data      Debug   

     13116        764        352        176       5048     616682   Grand Totals
     13116        764        352        176       5048     616682   ELF Image Totals
     13116        764        352        176          0          0   ROM Totals

==============================================================================

    Total RO  Size (Code + RO Data)                13468 (  13.15kB)
    Total RW  Size (RW Data + ZI Data)              5224 (   5.10kB)
    Total ROM Size (Code + RO Data + RW Data)      13644 (  13.32kB)

==============================================================================

